Archive member included because of file (symbol)

/home/mupimenov/Programs/gcc-arm-none-eabi-4_9-2015q3/bin/../lib/gcc/arm-none-eabi/4.9.3/../../../../arm-none-eabi/lib/armv7e-m/libm.a(lib_a-w_asin.o)
                              src/lib/madgwick_ahrs.o (asin)
/home/mupimenov/Programs/gcc-arm-none-eabi-4_9-2015q3/bin/../lib/gcc/arm-none-eabi/4.9.3/../../../../arm-none-eabi/lib/armv7e-m/libm.a(lib_a-w_atan2.o)
                              src/lib/madgwick_ahrs.o (atan2)
/home/mupimenov/Programs/gcc-arm-none-eabi-4_9-2015q3/bin/../lib/gcc/arm-none-eabi/4.9.3/../../../../arm-none-eabi/lib/armv7e-m/libm.a(lib_a-e_asin.o)
                              /home/mupimenov/Programs/gcc-arm-none-eabi-4_9-2015q3/bin/../lib/gcc/arm-none-eabi/4.9.3/../../../../arm-none-eabi/lib/armv7e-m/libm.a(lib_a-w_asin.o) (__ieee754_asin)
/home/mupimenov/Programs/gcc-arm-none-eabi-4_9-2015q3/bin/../lib/gcc/arm-none-eabi/4.9.3/../../../../arm-none-eabi/lib/armv7e-m/libm.a(lib_a-e_atan2.o)
                              /home/mupimenov/Programs/gcc-arm-none-eabi-4_9-2015q3/bin/../lib/gcc/arm-none-eabi/4.9.3/../../../../arm-none-eabi/lib/armv7e-m/libm.a(lib_a-w_atan2.o) (__ieee754_atan2)
/home/mupimenov/Programs/gcc-arm-none-eabi-4_9-2015q3/bin/../lib/gcc/arm-none-eabi/4.9.3/../../../../arm-none-eabi/lib/armv7e-m/libm.a(lib_a-e_sqrt.o)
                              /home/mupimenov/Programs/gcc-arm-none-eabi-4_9-2015q3/bin/../lib/gcc/arm-none-eabi/4.9.3/../../../../arm-none-eabi/lib/armv7e-m/libm.a(lib_a-e_asin.o) (__ieee754_sqrt)
/home/mupimenov/Programs/gcc-arm-none-eabi-4_9-2015q3/bin/../lib/gcc/arm-none-eabi/4.9.3/../../../../arm-none-eabi/lib/armv7e-m/libm.a(lib_a-s_atan.o)
                              /home/mupimenov/Programs/gcc-arm-none-eabi-4_9-2015q3/bin/../lib/gcc/arm-none-eabi/4.9.3/../../../../arm-none-eabi/lib/armv7e-m/libm.a(lib_a-e_atan2.o) (atan)
/home/mupimenov/Programs/gcc-arm-none-eabi-4_9-2015q3/bin/../lib/gcc/arm-none-eabi/4.9.3/../../../../arm-none-eabi/lib/armv7e-m/libm.a(lib_a-s_fabs.o)
                              /home/mupimenov/Programs/gcc-arm-none-eabi-4_9-2015q3/bin/../lib/gcc/arm-none-eabi/4.9.3/../../../../arm-none-eabi/lib/armv7e-m/libm.a(lib_a-w_asin.o) (fabs)
/home/mupimenov/Programs/gcc-arm-none-eabi-4_9-2015q3/bin/../lib/gcc/arm-none-eabi/4.9.3/../../../../arm-none-eabi/lib/armv7e-m/libm.a(lib_a-s_fpclassify.o)
                              /home/mupimenov/Programs/gcc-arm-none-eabi-4_9-2015q3/bin/../lib/gcc/arm-none-eabi/4.9.3/../../../../arm-none-eabi/lib/armv7e-m/libm.a(lib_a-w_asin.o) (__fpclassifyd)
/home/mupimenov/Programs/gcc-arm-none-eabi-4_9-2015q3/bin/../lib/gcc/arm-none-eabi/4.9.3/../../../../arm-none-eabi/lib/armv7e-m/libm.a(lib_a-s_lib_ver.o)
                              /home/mupimenov/Programs/gcc-arm-none-eabi-4_9-2015q3/bin/../lib/gcc/arm-none-eabi/4.9.3/../../../../arm-none-eabi/lib/armv7e-m/libm.a(lib_a-w_asin.o) (__fdlib_version)
/home/mupimenov/Programs/gcc-arm-none-eabi-4_9-2015q3/bin/../lib/gcc/arm-none-eabi/4.9.3/../../../../arm-none-eabi/lib/armv7e-m/libm.a(lib_a-s_matherr.o)
                              /home/mupimenov/Programs/gcc-arm-none-eabi-4_9-2015q3/bin/../lib/gcc/arm-none-eabi/4.9.3/../../../../arm-none-eabi/lib/armv7e-m/libm.a(lib_a-w_asin.o) (matherr)
/home/mupimenov/Programs/gcc-arm-none-eabi-4_9-2015q3/bin/../lib/gcc/arm-none-eabi/4.9.3/../../../../arm-none-eabi/lib/armv7e-m/libm.a(lib_a-s_nan.o)
                              /home/mupimenov/Programs/gcc-arm-none-eabi-4_9-2015q3/bin/../lib/gcc/arm-none-eabi/4.9.3/../../../../arm-none-eabi/lib/armv7e-m/libm.a(lib_a-w_asin.o) (nan)
/home/mupimenov/Programs/gcc-arm-none-eabi-4_9-2015q3/bin/../lib/gcc/arm-none-eabi/4.9.3/armv7e-m/libgcc.a(_arm_addsubdf3.o)
                              /home/mupimenov/Programs/gcc-arm-none-eabi-4_9-2015q3/bin/../lib/gcc/arm-none-eabi/4.9.3/../../../../arm-none-eabi/lib/armv7e-m/libm.a(lib_a-e_asin.o) (__aeabi_dsub)
/home/mupimenov/Programs/gcc-arm-none-eabi-4_9-2015q3/bin/../lib/gcc/arm-none-eabi/4.9.3/armv7e-m/libgcc.a(_arm_muldivdf3.o)
                              /home/mupimenov/Programs/gcc-arm-none-eabi-4_9-2015q3/bin/../lib/gcc/arm-none-eabi/4.9.3/../../../../arm-none-eabi/lib/armv7e-m/libm.a(lib_a-e_asin.o) (__aeabi_dmul)
/home/mupimenov/Programs/gcc-arm-none-eabi-4_9-2015q3/bin/../lib/gcc/arm-none-eabi/4.9.3/armv7e-m/libgcc.a(_arm_cmpdf2.o)
                              /home/mupimenov/Programs/gcc-arm-none-eabi-4_9-2015q3/bin/../lib/gcc/arm-none-eabi/4.9.3/../../../../arm-none-eabi/lib/armv7e-m/libm.a(lib_a-w_asin.o) (__aeabi_dcmpgt)
/home/mupimenov/Programs/gcc-arm-none-eabi-4_9-2015q3/bin/../lib/gcc/arm-none-eabi/4.9.3/armv7e-m/libgcc.a(_arm_truncdfsf2.o)
                              src/lib/madgwick_ahrs.o (__aeabi_d2f)
/home/mupimenov/Programs/gcc-arm-none-eabi-4_9-2015q3/bin/../lib/gcc/arm-none-eabi/4.9.3/../../../../arm-none-eabi/lib/armv7e-m/libc.a(lib_a-errno.o)
                              src/main.o (__errno)
[...]
Memory Configuration

Name             Origin             Length             Attributes
FLASH            0x08000000         0x00100000         xr
SRAM2            0x10000188         0x00007e78         xrw
SRAM1            0x20000000         0x00018000         xrw
*default*        0x00000000         0xffffffff

Linker script and memory map

LOAD src/drivers/accelerometer.o
LOAD src/drivers/block_device.o
LOAD src/drivers/gpio.o
LOAD src/drivers/gyro.o
LOAD src/drivers/l3gd20.o
LOAD src/drivers/lsm303c.o
LOAD src/drivers/stm32l4_gpio_pin.o
LOAD src/drivers/stm32l4_spi_device.o
LOAD src/drivers/stm32l4_uart_device.o
LOAD src/freertos/portable/port.o
LOAD src/freertos/croutine.o
LOAD src/freertos/event_groups.o
LOAD src/freertos/heap_3_fixed.o
LOAD src/freertos/list.o
LOAD src/freertos/queue.o
LOAD src/freertos/tasks.o
LOAD src/freertos/timers.o
LOAD src/lib/filters.o
LOAD src/lib/kalman.o
LOAD src/lib/madgwick_ahrs.o
LOAD src/lib/modbus.o
LOAD src/os/cmsis_os.o
LOAD src/system/hal/src/stm32l4xx_hal_cortex.o
LOAD src/system/hal/src/stm32l4xx_hal_dma.o
LOAD src/system/hal/src/stm32l4xx_hal_flash_ex.o
LOAD src/system/hal/src/stm32l4xx_hal_flash_ramfunc.o
LOAD src/system/hal/src/stm32l4xx_hal_flash.o
LOAD src/system/hal/src/stm32l4xx_hal_gpio.o
LOAD src/system/hal/src/stm32l4xx_hal_i2c_ex.o
LOAD src/system/hal/src/stm32l4xx_hal_i2c.o
LOAD src/system/hal/src/stm32l4xx_hal_pcd_ex.o
LOAD src/system/hal/src/stm32l4xx_hal_pcd.o
LOAD src/system/hal/src/stm32l4xx_hal_pwr_ex.o
LOAD src/system/hal/src/stm32l4xx_hal_pwr.o
LOAD src/system/hal/src/stm32l4xx_hal_qspi.o
LOAD src/system/hal/src/stm32l4xx_hal_rcc_ex.o
LOAD src/system/hal/src/stm32l4xx_hal_rcc.o
LOAD src/system/hal/src/stm32l4xx_hal_rtc_ex.o
LOAD src/system/hal/src/stm32l4xx_hal_rtc.o
LOAD src/system/hal/src/stm32l4xx_hal_tim_ex.o
LOAD src/system/hal/src/stm32l4xx_hal_tim.o
LOAD src/system/hal/src/stm32l4xx_hal.o
LOAD src/system/hal/src/stm32l4xx_ll_dma.o
LOAD src/system/hal/src/stm32l4xx_ll_rcc.o
LOAD src/system/hal/src/stm32l4xx_ll_spi.o
LOAD src/system/hal/src/stm32l4xx_ll_usart.o
LOAD src/system/hal/src/stm32l4xx_ll_usb.o
LOAD src/system/cmsis_nvic.o
LOAD src/system/hw.o
LOAD src/system/stm32l4xx_hal_msp.o
LOAD src/system/stm32l4xx_it.o
LOAD src/system/system_stm32l4xx.o
LOAD src/tasks/task_led.o
LOAD src/tasks/task_link.o
LOAD src/tasks/task_measure.o
LOAD src/main.o
LOAD src/system/startup_stm32l476xx.o
LOAD /home/mupimenov/Programs/gcc-arm-none-eabi-4_9-2015q3/bin/../lib/gcc/arm-none-eabi/4.9.3/../../../../arm-none-eabi/lib/armv7e-m/libm.a
START GROUP
LOAD /home/mupimenov/Programs/gcc-arm-none-eabi-4_9-2015q3/bin/../lib/gcc/arm-none-eabi/4.9.3/armv7e-m/libgcc.a
LOAD /home/mupimenov/Programs/gcc-arm-none-eabi-4_9-2015q3/bin/../lib/gcc/arm-none-eabi/4.9.3/../../../../arm-none-eabi/lib/armv7e-m/libc.a
END GROUP

.text           0x08000000    0x219c0
 *(.isr_vector)
 .isr_vector    0x08000000      0x188 src/system/startup_stm32l476xx.o
                0x08000000                g_pfnVectors
 *(.text*)
 .text          0x08000188       0xa4 src/drivers/accelerometer.o
                0x08000188                accelerometer_open
                0x080001b0                accelerometer_configure
                0x080001d8                accelerometer_read
                0x08000204                accelerometer_close
 .text          0x0800022c      0x110 src/drivers/block_device.o
                0x0800022c                device_open
                0x08000254                device_close
                0x0800027c                device_setup
                0x080002ac                device_configure
                0x080002d4                device_read
                0x08000308                device_write
 .text          0x0800033c       0xd0 src/drivers/gpio.o
                0x0800033c                gpio_configure
                0x08000364                gpio_dir
                0x08000394                gpio_set
                0x080003bc                gpio_clear
                0x080003e4                gpio_pin
 .text          0x0800040c       0xa4 src/drivers/gyro.o
                0x0800040c                gyro_open
                0x08000434                gyro_configure
                0x0800045c                gyro_read
                0x08000488                gyro_close
 .text          0x080004b0      0x5b0 src/drivers/l3gd20.o
                0x08000a1c                l3gd20_make
 .text          0x08000a60      0x5fc src/drivers/lsm303c.o
                0x08001018                lsm303c_accelerometer_make
 .text          0x0800105c      0x11c src/drivers/stm32l4_gpio_pin.o
                0x0800105c                stm32l4_gpio_configure
                0x080010a8                stm32l4_gpio_dir
                0x08001100                stm32l4_gpio_set
                0x08001128                stm32l4_gpio_clear
                0x08001150                stm32l4_gpio_pin
 .text          0x08001178      0x8b8 src/drivers/stm32l4_spi_device.o
                0x08001318                stm32l4_spi_make
 .text          0x08001a30      0xeb4 src/drivers/stm32l4_uart_device.o
                0x08002038                stm32l4_uart_irq_handler
                0x08002214                stm32l4_uart_dma_tx_handler
                0x08002230                stm32l4_uart_dma_rx_handler
                0x08002250                stm32l4_uart_make
 .text          0x080028e4      0x438 src/freertos/portable/port.o
                0x080028e4                pxPortInitialiseStack
                0x08002984                SVC_Handler
                0x080029c0                xPortStartScheduler
                0x08002ad8                vPortEndScheduler
                0x08002b0c                vPortEnterCritical
                0x08002b68                vPortExitCritical
                0x08002bb4                PendSV_Handler
                0x08002c14                xPortSysTickHandler
                0x08002c58                vPortSetupTimerInterrupt
                0x08002c9c                vPortValidateInterruptPriority
 .text          0x08002d1c        0x0 src/freertos/croutine.o
 .text          0x08002d1c      0x5e0 src/freertos/event_groups.o
                0x08002d1c                xEventGroupCreate
                0x08002d4c                xEventGroupSync
                0x08002ea0                xEventGroupWaitBits
                0x08003034                xEventGroupClearBits
                0x080030a0                xEventGroupGetBitsFromISR
                0x080030e8                xEventGroupSetBits
                0x080031fc                vEventGroupDelete
                0x0800325c                vEventGroupSetBitsCallback
                0x08003274                vEventGroupClearBitsCallback
                0x080032d0                uxEventGroupGetNumber
 .text          0x080032fc       0x38 src/freertos/heap_3_fixed.o
                0x080032fc                pvPortMalloc
                0x08003318                vPortFree
 .text          0x08003334      0x164 src/freertos/list.o
                0x08003334                vListInitialise
                0x08003374                vListInitialiseItem
                0x0800338c                vListInsertEnd
                0x080033d4                vListInsert
                0x08003444                uxListRemove
 .text          0x08003498      0xff8 src/freertos/queue.o
                0x08003498                xQueueGenericReset
                0x08003568                xQueueGenericCreate
                0x0800361c                xQueueCreateMutex
                0x080036a0                xQueueGiveMutexRecursive
                0x08003708                xQueueTakeMutexRecursive
                0x08003778                xQueueCreateCountingSemaphore
                0x080037f4                xQueueGenericSend
                0x080039e0                xQueueGenericSendFromISR
                0x08003af8                xQueueGiveFromISR
                0x08003bf8                xQueueGenericReceive
                0x08003e04                xQueueReceiveFromISR
                0x08003eec                xQueuePeekFromISR
                0x08003fb8                uxQueueMessagesWaiting
                0x08003ff4                uxQueueSpacesAvailable
                0x08004038                uxQueueMessagesWaitingFromISR
                0x08004070                vQueueDelete
                0x080040a8                uxQueueGetQueueNumber
                0x080040c0                vQueueSetQueueNumber
                0x080040dc                ucQueueGetQueueType
                0x080042e4                xQueueIsQueueEmptyFromISR
                0x08004358                xQueueIsQueueFullFromISR
                0x080043a0                vQueueAddToRegistry
                0x080043f0                vQueueUnregisterQueue
                0x08004434                vQueueWaitForMessageRestricted
 .text          0x08004490     0x2130 src/freertos/tasks.o
                0x08004490                xTaskGenericCreate
                0x08004634                vTaskDelete
                0x08004738                vTaskDelayUntil
                0x08004854                vTaskDelay
                0x080048f8                uxTaskPriorityGet
                0x0800492c                uxTaskPriorityGetFromISR
                0x08004984                vTaskPrioritySet
                0x08004ae0                vTaskSuspend
                0x08004c64                vTaskResume
                0x08004d20                xTaskResumeFromISR
                0x08004e04                vTaskStartScheduler
                0x08004e9c                vTaskEndScheduler
                0x08004ec8                vTaskSuspendAll
                0x08004ee4                xTaskResumeAll
                0x08005010                xTaskGetTickCount
                0x08005030                xTaskGetTickCountFromISR
                0x08005054                uxTaskGetNumberOfTasks
                0x0800506c                uxTaskGetSystemState
                0x08005164                xTaskIncrementTick
                0x080052e4                vTaskSwitchContext
                0x08005398                vTaskPlaceOnEventList
                0x08005434                vTaskPlaceOnUnorderedEventList
                0x080054fc                vTaskPlaceOnEventListRestricted
                0x08005598                xTaskRemoveFromEventList
                0x08005660                xTaskRemoveFromUnorderedEventList
                0x08005730                vTaskSetTimeOutState
                0x08005774                xTaskCheckForTimeOut
                0x08005830                vTaskMissedYield
                0x08005848                uxTaskGetTaskNumber
                0x08005874                vTaskSetTaskNumber
                0x08005cf0                xTaskGetCurrentTaskHandle
                0x08005d10                xTaskGetSchedulerState
                0x08005d4c                vTaskPriorityInherit
                0x08005e3c                xTaskPriorityDisinherit
                0x08005f48                uxTaskResetEventItemValue
                0x08005f78                pvTaskIncrementMutexHeldCount
                0x08005fa0                ulTaskNotifyTake
                0x08006088                xTaskNotifyWait
                0x08006194                xTaskGenericNotify
                0x080062d8                xTaskGenericNotifyFromISR
                0x0800645c                vTaskNotifyGiveFromISR
                0x08006570                xTaskNotifyStateClear
 .text          0x080065c0      0x744 src/freertos/timers.o
                0x080065c0                xTimerCreateTimerTask
                0x08006628                xTimerCreate
                0x080066a0                xTimerGenericCommand
                0x08006744                pcTimerGetTimerName
                0x08006c40                xTimerIsTimerActive
                0x08006c88                pvTimerGetTimerID
                0x08006cc8                vTimerSetTimerID
 .text          0x08006d04       0x6c src/lib/filters.o
                0x08006d04                filter2z_update
 .text          0x08006d70      0xa40 src/lib/kalman.o
                0x080074d0                kalman3_correct
                0x080076b8                kalman1_correct
 .text          0x080077b0      0x888 src/lib/madgwick_ahrs.o
                0x080077b0                madgwick_ahrs_init
                0x08007864                madgwick_ahrs_update_imu
                0x08007e8c                madgwick_ahrs_get_pitch
                0x08007f2c                madgwick_ahrs_get_roll
                0x08007f98                madgwick_ahrs_get_yaw
 .text          0x08008038     0x15bc src/lib/modbus.o
                0x080080a4                modbus_io
                0x080082e8                modbus_start_answer
                0x08008318                modbus_end_answer
                0x08008368                modbus_send_error
                0x080083c0                modbus_parse_read_command
                0x080086c4                modbus_read_coils_cmd
                0x080086e4                modbus_read_discrete_inputs_cmd
                0x08008928                modbus_read_holding_registers_cmd
                0x08008948                modbus_read_input_registers_cmd
                0x08008968                modbus_parse_write_bit_command
                0x080089d4                modbus_write_coil_cmd
                0x08008b34                modbus_parse_write_reg_command
                0x08008ba0                modbus_write_register_cmd
                0x08008cd0                modbus_parse_write_multiple_command
                0x08008dc8                modbus_write_multiple_coils_cmd
                0x08008f0c                modbus_write_multiple_regs_cmd
                0x08009094                modbus_report_slave_id_cmd
                0x0800913c                modbus_parse_mask_write_reg_command
                0x080091c4                modbus_mask_write_reg_cmd
                0x08009320                modbus_parse_write_read_regs_command
                0x080093cc                modbus_write_read_regs_cmd
 .text          0x080095f4     0x10ac src/os/cmsis_os.o
                0x08009674                osKernelStart
                0x08009684                osKernelRunning
                0x0800969c                osKernelSysTick
                0x080096bc                osThreadCreate
                0x08009714                osThreadGetId
                0x08009724                osThreadTerminate
                0x0800973c                osThreadYield
                0x08009760                osThreadSetPriority
                0x0800978c                osThreadGetPriority
                0x080097cc                osDelay
                0x080097f4                osTimerCreate
                0x0800982c                osTimerStart
                0x08009970                osTimerStop
                0x080099e8                osTimerDelete
                0x08009a28                osSignalSet
                0x08009a9c                osSignalWait
                0x08009b38                osMutexCreate
                0x08009b50                osMutexWait
                0x08009bf0                osMutexRelease
                0x08009c5c                osMutexDelete
                0x08009c84                osSemaphoreCreate
                0x08009ccc                osSemaphoreWait
                0x08009d6c                osSemaphoreRelease
                0x08009dd8                osSemaphoreDelete
                0x08009e00                osPoolCreate
                0x08009ebc                osPoolAlloc
                0x08009f80                osPoolCAlloc
                0x08009fac                osPoolFree
                0x0800a030                osMessageCreate
                0x0800a058                osMessagePut
                0x0800a0e0                osMessageGet
                0x0800a1cc                osMailCreate
                0x0800a290                osMailAlloc
                0x0800a2bc                osMailCAlloc
                0x0800a2fc                osMailPut
                0x0800a380                osMailGet
                0x0800a470                osMailFree
                0x0800a49c                osSystickHandler
                0x0800a4a8                osThreadSuspend
                0x0800a4c0                osThreadResume
                0x0800a504                osThreadSuspendAll
                0x0800a514                osThreadResumeAll
                0x0800a52c                osDelayUntil
                0x0800a558                osThreadList
                0x0800a570                osMessagePeek
                0x0800a608                osRecursiveMutexCreate
                0x0800a620                osRecursiveMutexRelease
                0x0800a648                osRecursiveMutexWait
 .text          0x0800a6a0      0x5b0 src/system/hal/src/stm32l4xx_hal_cortex.o
                0x0800aa1c                HAL_NVIC_SetPriorityGrouping
                0x0800aa30                HAL_NVIC_SetPriority
                0x0800aa68                HAL_NVIC_EnableIRQ
                0x0800aa84                HAL_NVIC_DisableIRQ
                0x0800aaa0                HAL_NVIC_SystemReset
                0x0800aaac                HAL_SYSTICK_Config
                0x0800aac4                HAL_NVIC_GetPriorityGrouping
                0x0800aad4                HAL_NVIC_GetPriority
                0x0800ab04                HAL_NVIC_SetPendingIRQ
                0x0800ab20                HAL_NVIC_GetPendingIRQ
                0x0800ab40                HAL_NVIC_ClearPendingIRQ
                0x0800ab5c                HAL_NVIC_GetActive
                0x0800ab7c                HAL_SYSTICK_CLKSourceConfig
                0x0800abb4                HAL_SYSTICK_IRQHandler
                0x0800abc0                HAL_SYSTICK_Callback
                0x0800abcc                HAL_MPU_ConfigRegion
 .text          0x0800ac50     0x26d0 src/system/hal/src/stm32l4xx_hal_dma.o
                0x0800ac50                HAL_DMA_Init
                0x0800af60                HAL_DMA_DeInit
                0x0800b930                HAL_DMA_Start
                0x0800b994                HAL_DMA_Start_IT
                0x0800ba08                HAL_DMA_Abort
                0x0800ba84                HAL_DMA_PollForTransfer
                0x0800c540                HAL_DMA_IRQHandler
                0x0800d2a0                HAL_DMA_GetState
                0x0800d2bc                HAL_DMA_GetError
 .text          0x0800d320      0xa38 src/system/hal/src/stm32l4xx_hal_flash_ex.o
                0x0800d320                HAL_FLASHEx_Erase
                0x0800d404                HAL_FLASHEx_Erase_IT
                0x0800d490                HAL_FLASHEx_OBProgram
                0x0800d550                HAL_FLASHEx_OBGetConfig
                0x0800d5fc                FLASH_PageErase
                0x0800d664                FLASH_FlushCaches
 .text          0x0800dd58        0x0 src/system/hal/src/stm32l4xx_hal_flash_ramfunc.o
 .text          0x0800dd58      0x6e4 src/system/hal/src/stm32l4xx_hal_flash.o
                0x0800dd58                HAL_FLASH_Program
                0x0800de08                HAL_FLASH_Program_IT
                0x0800de94                HAL_FLASH_IRQHandler
                0x0800e088                HAL_FLASH_EndOfOperationCallback
                0x0800e09c                HAL_FLASH_OperationErrorCallback
                0x0800e0b0                HAL_FLASH_Unlock
                0x0800e0e4                HAL_FLASH_Lock
                0x0800e104                HAL_FLASH_OB_Unlock
                0x0800e13c                HAL_FLASH_OB_Lock
                0x0800e15c                HAL_FLASH_OB_Launch
                0x0800e180                HAL_FLASH_GetError
                0x0800e198                FLASH_WaitForLastOperation
 .text          0x0800e43c      0x654 src/system/hal/src/stm32l4xx_hal_gpio.o
                0x0800e43c                HAL_GPIO_Init
                0x0800e78c                HAL_GPIO_DeInit
                0x0800e978                HAL_GPIO_ReadPin
                0x0800e9a8                HAL_GPIO_WritePin
                0x0800e9d8                HAL_GPIO_TogglePin
                0x0800e9fc                HAL_GPIO_LockPin
                0x0800ea4c                HAL_GPIO_EXTI_IRQHandler
                0x0800ea7c                HAL_GPIO_EXTI_Callback
 .text          0x0800ea90      0x2bc src/system/hal/src/stm32l4xx_hal_i2c_ex.o
                0x0800ea90                HAL_I2CEx_ConfigAnalogFilter
                0x0800eb28                HAL_I2CEx_ConfigDigitalFilter
                0x0800ebc4                HAL_I2CEx_EnableWakeUp
                0x0800ec48                HAL_I2CEx_DisableWakeUp
                0x0800eccc                HAL_I2CEx_EnableFastModePlus
                0x0800ed0c                HAL_I2CEx_DisableFastModePlus
 .text          0x0800ed4c     0x4260 src/system/hal/src/stm32l4xx_hal_i2c.o
                0x0800ed4c                HAL_I2C_Init
                0x0800ee60                HAL_I2C_DeInit
                0x0800eec0                HAL_I2C_MspInit
                0x0800eed4                HAL_I2C_MspDeInit
                0x0800eee8                HAL_I2C_Master_Transmit
                0x0800f0a4                HAL_I2C_Master_Receive
                0x0800f260                HAL_I2C_Slave_Transmit
                0x0800f454                HAL_I2C_Slave_Receive
                0x0800f62c                HAL_I2C_Master_Transmit_IT
                0x0800f72c                HAL_I2C_Master_Receive_IT
                0x0800f82c                HAL_I2C_Slave_Transmit_IT
                0x0800f8cc                HAL_I2C_Slave_Receive_IT
                0x0800f96c                HAL_I2C_Master_Transmit_DMA
                0x0800fae4                HAL_I2C_Master_Receive_DMA
                0x0800fc48                HAL_I2C_Slave_Transmit_DMA
                0x0800fdc4                HAL_I2C_Slave_Receive_DMA
                0x0800ff00                HAL_I2C_Mem_Write
                0x080100f8                HAL_I2C_Mem_Read
                0x080102f0                HAL_I2C_Mem_Write_IT
                0x08010438                HAL_I2C_Mem_Read_IT
                0x08010584                HAL_I2C_Mem_Write_DMA
                0x08010720                HAL_I2C_Mem_Read_DMA
                0x080108b0                HAL_I2C_IsDeviceReady
                0x08010a6c                HAL_I2C_Master_Sequential_Transmit_IT
                0x08010b68                HAL_I2C_Master_Sequential_Receive_IT
                0x08010c64                HAL_I2C_Slave_Sequential_Transmit_IT
                0x08010d24                HAL_I2C_Slave_Sequential_Receive_IT
                0x08010de4                HAL_I2C_EnableListen_IT
                0x08010e18                HAL_I2C_DisableListen_IT
                0x08010e74                HAL_I2C_Master_Abort_IT
                0x08010f6c                HAL_I2C_EV_IRQHandler
                0x080110fc                HAL_I2C_ER_IRQHandler
                0x080111f4                HAL_I2C_MasterTxCpltCallback
                0x08011208                HAL_I2C_MasterRxCpltCallback
                0x0801121c                HAL_I2C_SlaveTxCpltCallback
                0x08011230                HAL_I2C_SlaveRxCpltCallback
                0x08011244                HAL_I2C_AddrCallback
                0x08011260                HAL_I2C_ListenCpltCallback
                0x08011274                HAL_I2C_MemTxCpltCallback
                0x08011288                HAL_I2C_MemRxCpltCallback
                0x0801129c                HAL_I2C_ErrorCallback
                0x080112b0                HAL_I2C_GetState
                0x080112cc                HAL_I2C_GetMode
                0x080112e8                HAL_I2C_GetError
 .text          0x08012fac      0x2c8 src/system/hal/src/stm32l4xx_hal_pcd_ex.o
                0x08012fac                HAL_PCDEx_SetTxFiFo
                0x08013048                HAL_PCDEx_SetRxFiFo
                0x0801306c                HAL_PCDEx_ActivateLPM
                0x080130b4                HAL_PCDEx_DeActivateLPM
                0x080130f4                HAL_PCDEx_BCD_VBUSDetect
                0x080131e4                HAL_PCDEx_ActivateBCD
                0x08013214                HAL_PCDEx_DeActivateBCD
                0x08013244                HAL_PCDEx_LPM_Callback
                0x0801325c                HAL_PCDEx_BCD_Callback
 .text          0x08013274     0x1344 src/system/hal/src/stm32l4xx_hal_pcd.o
                0x08013274                HAL_PCD_Init
                0x080134bc                HAL_PCD_DeInit
                0x080134f4                HAL_PCD_MspInit
                0x08013508                HAL_PCD_MspDeInit
                0x0801351c                HAL_PCD_Start
                0x08013560                HAL_PCD_Stop
                0x080135b0                HAL_PCD_IRQHandler
                0x08013dc0                HAL_PCD_DataOutStageCallback
                0x08013dd8                HAL_PCD_DataInStageCallback
                0x08013df0                HAL_PCD_SetupStageCallback
                0x08013e04                HAL_PCD_SOFCallback
                0x08013e18                HAL_PCD_ResetCallback
                0x08013e2c                HAL_PCD_SuspendCallback
                0x08013e40                HAL_PCD_ResumeCallback
                0x08013e54                HAL_PCD_ISOOUTIncompleteCallback
                0x08013e6c                HAL_PCD_ISOINIncompleteCallback
                0x08013e84                HAL_PCD_ConnectCallback
                0x08013e98                HAL_PCD_DisconnectCallback
                0x08013eac                HAL_PCD_DevConnect
                0x08013ee8                HAL_PCD_DevDisconnect
                0x08013f24                HAL_PCD_SetAddress
                0x08013f68                HAL_PCD_EP_Open
                0x08014038                HAL_PCD_EP_Close
                0x080140cc                HAL_PCD_EP_Receive
                0x08014184                HAL_PCD_EP_GetRxCount
                0x080141b8                HAL_PCD_EP_Transmit
                0x0801426c                HAL_PCD_EP_SetStall
                0x08014324                HAL_PCD_EP_ClrStall
                0x080143b8                HAL_PCD_EP_Flush
                0x08014414                HAL_PCD_ActivateRemoteWakeup
                0x08014458                HAL_PCD_DeActivateRemoteWakeup
                0x0801448c                HAL_PCD_GetState
 .text          0x080145b8      0xc3c src/system/hal/src/stm32l4xx_hal_pwr_ex.o
                0x080145b8                HAL_PWREx_GetVoltageRange
                0x080145d4                HAL_PWREx_ControlVoltageScaling
                0x0801467c                HAL_PWREx_EnableBatteryCharging
                0x080146b0                HAL_PWREx_DisableBatteryCharging
                0x080146cc                HAL_PWREx_EnableVddUSB
                0x080146e8                HAL_PWREx_DisableVddUSB
                0x08014704                HAL_PWREx_EnableVddIO2
                0x08014720                HAL_PWREx_DisableVddIO2
                0x0801473c                HAL_PWREx_EnableInternalWakeUpLine
                0x08014758                HAL_PWREx_DisableInternalWakeUpLine
                0x08014774                HAL_PWREx_EnableGPIOPullUp
                0x080148b8                HAL_PWREx_DisableGPIOPullUp
                0x08014990                HAL_PWREx_EnableGPIOPullDown
                0x08014ad4                HAL_PWREx_DisableGPIOPullDown
                0x08014bb0                HAL_PWREx_EnablePullUpPullDownConfig
                0x08014bcc                HAL_PWREx_DisablePullUpPullDownConfig
                0x08014be8                HAL_PWREx_EnableSRAM2ContentRetention
                0x08014c04                HAL_PWREx_DisableSRAM2ContentRetention
                0x08014c20                HAL_PWREx_EnablePVM1
                0x08014c3c                HAL_PWREx_DisablePVM1
                0x08014c58                HAL_PWREx_EnablePVM2
                0x08014c74                HAL_PWREx_DisablePVM2
                0x08014c90                HAL_PWREx_EnablePVM3
                0x08014cac                HAL_PWREx_DisablePVM3
                0x08014cc8                HAL_PWREx_EnablePVM4
                0x08014ce4                HAL_PWREx_DisablePVM4
                0x08014d00                HAL_PWREx_ConfigPVM
                0x08014f90                HAL_PWREx_EnableLowPowerRunMode
                0x08014fac                HAL_PWREx_DisableLowPowerRunMode
                0x0801501c                HAL_PWREx_EnterSTOP0Mode
                0x0801506c                HAL_PWREx_EnterSTOP1Mode
                0x080150c0                HAL_PWREx_EnterSTOP2Mode
                0x08015114                HAL_PWREx_EnterSHUTDOWNMode
                0x08015148                HAL_PWREx_PVD_PVM_IRQHandler
                0x080151c4                HAL_PWREx_PVM1Callback
                0x080151d0                HAL_PWREx_PVM2Callback
                0x080151dc                HAL_PWREx_PVM3Callback
                0x080151e8                HAL_PWREx_PVM4Callback
 .text          0x080151f4      0x2fc src/system/hal/src/stm32l4xx_hal_pwr.o
                0x080151f4                HAL_PWR_DeInit
                0x0801521c                HAL_PWR_EnableBkUpAccess
                0x08015238                HAL_PWR_DisableBkUpAccess
                0x08015254                HAL_PWR_ConfigPVD
                0x08015314                HAL_PWR_EnablePVD
                0x08015330                HAL_PWR_DisablePVD
                0x0801534c                HAL_PWR_EnableWakeUpPin
                0x0801538c                HAL_PWR_DisableWakeUpPin
                0x080153b4                HAL_PWR_EnterSLEEPMode
                0x08015414                HAL_PWR_EnterSTOPMode
                0x08015440                HAL_PWR_EnterSTANDBYMode
                0x08015474                HAL_PWR_EnableSleepOnExit
                0x08015490                HAL_PWR_DisableSleepOnExit
                0x080154ac                HAL_PWR_EnableSEVOnPend
                0x080154c8                HAL_PWR_DisableSEVOnPend
                0x080154e4                HAL_PWR_PVDCallback
 .text          0x080154f0     0x15a4 src/system/hal/src/stm32l4xx_hal_qspi.o
                0x080154f0                HAL_QSPI_Init
                0x08015634                HAL_QSPI_DeInit
                0x08015694                HAL_QSPI_MspInit
                0x080156a8                HAL_QSPI_MspDeInit
                0x080156bc                HAL_QSPI_IRQHandler
                0x080159d0                HAL_QSPI_Command
                0x08015a84                HAL_QSPI_Command_IT
                0x08015b30                HAL_QSPI_Transmit
                0x08015c50                HAL_QSPI_Receive
                0x08015d84                HAL_QSPI_Transmit_IT
                0x08015e3c                HAL_QSPI_Receive_IT
                0x08015f08                HAL_QSPI_Transmit_DMA
                0x08016020                HAL_QSPI_Receive_DMA
                0x08016148                HAL_QSPI_AutoPolling
                0x08016230                HAL_QSPI_AutoPolling_IT
                0x08016308                HAL_QSPI_MemoryMapped
                0x080163c8                HAL_QSPI_ErrorCallback
                0x080163dc                HAL_QSPI_CmdCpltCallback
                0x080163f0                HAL_QSPI_RxCpltCallback
                0x08016404                HAL_QSPI_TxCpltCallback
                0x08016418                HAL_QSPI_RxHalfCpltCallback
                0x0801642c                HAL_QSPI_TxHalfCpltCallback
                0x08016440                HAL_QSPI_FifoThresholdCallback
                0x08016454                HAL_QSPI_StatusMatchCallback
                0x08016468                HAL_QSPI_TimeOutCallback
                0x0801647c                HAL_QSPI_GetState
                0x08016498                HAL_QSPI_GetError
                0x080164b0                HAL_QSPI_Abort
                0x08016514                HAL_QSPI_SetTimeout
 .text          0x08016a94     0x1c9c src/system/hal/src/stm32l4xx_hal_rcc_ex.o
                0x08016a94                HAL_RCCEx_PeriphCLKConfig
                0x0801703c                HAL_RCCEx_GetPeriphCLKConfig
                0x08017280                HAL_RCCEx_GetPeriphCLKFreq
                0x08017cc8                HAL_RCCEx_EnablePLLSAI1
                0x08017df0                HAL_RCCEx_DisablePLLSAI1
                0x08017e50                HAL_RCCEx_EnablePLLSAI2
                0x08017f54                HAL_RCCEx_DisablePLLSAI2
                0x08017fb4                HAL_RCCEx_WakeUpStopCLKConfig
                0x08017fdc                HAL_RCCEx_StandbyMSIRangeConfig
                0x08018008                HAL_RCCEx_EnableLSECSS
                0x08018028                HAL_RCCEx_DisableLSECSS
                0x08018054                HAL_RCCEx_EnableLSECSS_IT
                0x0801809c                HAL_RCCEx_LSECSS_IRQHandler
                0x080180c0                HAL_RCCEx_LSECSS_Callback
                0x080180cc                HAL_RCCEx_EnableLSCO
                0x0801819c                HAL_RCCEx_DisableLSCO
                0x08018220                HAL_RCCEx_EnableMSIPLLMode
                0x0801823c                HAL_RCCEx_DisableMSIPLLMode
 .text          0x08018730     0x10d4 src/system/hal/src/stm32l4xx_hal_rcc.o
                0x08018730                HAL_RCC_DeInit
                0x080187d8                HAL_RCC_OscConfig
                0x08018f54                HAL_RCC_ClockConfig
                0x0801919c                HAL_RCC_MCOConfig
                0x08019204                HAL_RCC_GetSysClockFreq
                0x080193fc                HAL_RCC_GetHCLKFreq
                0x08019414                HAL_RCC_GetPCLK1Freq
                0x08019458                HAL_RCC_GetPCLK2Freq
                0x0801949c                HAL_RCC_GetOscConfig
                0x08019694                HAL_RCC_GetClockConfig
                0x080196f4                HAL_RCC_EnableCSS
                0x08019710                HAL_RCC_NMI_IRQHandler
                0x08019734                HAL_RCC_CSSCallback
 .text          0x08019804        0x0 src/system/hal/src/stm32l4xx_hal_rtc_ex.o
 .text          0x08019804        0x0 src/system/hal/src/stm32l4xx_hal_rtc.o
 .text          0x08019804        0x0 src/system/hal/src/stm32l4xx_hal_tim_ex.o
 .text          0x08019804        0x0 src/system/hal/src/stm32l4xx_hal_tim.o
 .text          0x08019804      0x3bc src/system/hal/src/stm32l4xx_hal.o
                0x08019804                HAL_Init
                0x08019820                HAL_DeInit
                0x08019884                HAL_MspDeInit
                0x08019890                HAL_InitTick
                0x080198c8                HAL_IncTick
                0x080198e4                HAL_GetTick
                0x080198fc                HAL_Delay
                0x08019928                HAL_SuspendTick
                0x08019944                HAL_ResumeTick
                0x08019960                HAL_GetHalVersion
                0x08019974                HAL_GetREVID
                0x0801998c                HAL_GetDEVID
                0x080199a8                HAL_DBGMCU_EnableDBGSleepMode
                0x080199c4                HAL_DBGMCU_DisableDBGSleepMode
                0x080199e0                HAL_DBGMCU_EnableDBGStopMode
                0x080199fc                HAL_DBGMCU_DisableDBGStopMode
                0x08019a18                HAL_DBGMCU_EnableDBGStandbyMode
                0x08019a34                HAL_DBGMCU_DisableDBGStandbyMode
                0x08019a50                HAL_SYSCFG_SRAM2Erase
                0x08019a78                HAL_SYSCFG_EnableMemorySwappingBank
                0x08019a90                HAL_SYSCFG_DisableMemorySwappingBank
                0x08019aa8                HAL_SYSCFG_VREFBUF_VoltageScalingConfig
                0x08019ad0                HAL_SYSCFG_VREFBUF_HighImpedanceConfig
                0x08019af8                HAL_SYSCFG_VREFBUF_TrimmingConfig
                0x08019b20                HAL_SYSCFG_EnableVREFBUF
                0x08019b6c                HAL_SYSCFG_DisableVREFBUF
                0x08019b88                HAL_SYSCFG_EnableIOAnalogSwitchBooster
                0x08019ba4                HAL_SYSCFG_DisableIOAnalogSwitchBooster
 .text          0x08019bc0      0x5bc src/system/hal/src/stm32l4xx_ll_dma.o
                0x08019e54                LL_DMA_DeInit
                0x0801a0a8                LL_DMA_Init
                0x0801a128                LL_DMA_StructInit
 .text          0x0801a17c     0x1c48 src/system/hal/src/stm32l4xx_ll_rcc.o
                0x0801a7b4                LL_RCC_DeInit
                0x0801a884                LL_RCC_GetSystemClocksFreq
                0x0801a8cc                LL_RCC_GetUSARTClockFreq
                0x0801aa34                LL_RCC_GetUARTClockFreq
                0x0801ab2c                LL_RCC_GetI2CClockFreq
                0x0801ac54                LL_RCC_GetLPUARTClockFreq
                0x0801acd0                LL_RCC_GetLPTIMClockFreq
                0x0801ade4                LL_RCC_GetSAIClockFreq
                0x0801aed8                LL_RCC_GetSDMMCClockFreq
                0x0801af9c                LL_RCC_GetRNGClockFreq
                0x0801b060                LL_RCC_GetUSBClockFreq
                0x0801b124                LL_RCC_GetADCClockFreq
                0x0801b18c                LL_RCC_GetSWPMIClockFreq
                0x0801b1e0                LL_RCC_GetDFSDMClockFreq
                0x0801b224                RCC_GetSystemClockFreq
                0x0801b348                RCC_GetHCLKClockFreq
                0x0801b388                RCC_GetPCLK1ClockFreq
                0x0801b3c4                RCC_GetPCLK2ClockFreq
                0x0801b400                RCC_PLL_GetFreqDomain_SYS
                0x0801b540                RCC_PLL_GetFreqDomain_SAI
                0x0801b66c                RCC_PLL_GetFreqDomain_48M
                0x0801b7ac                RCC_PLLSAI1_GetFreqDomain_SAI
                0x0801b8d8                RCC_PLLSAI1_GetFreqDomain_48M
                0x0801ba18                RCC_PLLSAI1_GetFreqDomain_ADC
                0x0801bb58                RCC_PLLSAI2_GetFreqDomain_SAI
                0x0801bc84                RCC_PLLSAI2_GetFreqDomain_ADC
 .text          0x0801bdc4      0x238 src/system/hal/src/stm32l4xx_ll_spi.o
                0x0801be9c                LL_SPI_DeInit
                0x0801bf10                LL_SPI_Init
                0x0801bfac                LL_SPI_StructInit
 .text          0x0801bffc      0x3e8 src/system/hal/src/stm32l4xx_ll_usart.o
                0x0801c174                LL_USART_DeInit
                0x0801c224                LL_USART_Init
                0x0801c31c                LL_USART_StructInit
                0x0801c35c                LL_USART_ClockInit
                0x0801c3b8                LL_USART_ClockStructInit
 .text          0x0801c3e4     0x2058 src/system/hal/src/stm32l4xx_ll_usb.o
                0x0801c3e4                USB_CoreInit
                0x0801c42c                USB_EnableGlobalInt
                0x0801c450                USB_DisableGlobalInt
                0x0801c474                USB_SetCurrentMode
                0x0801c4c4                USB_DevInit
                0x0801c714                USB_FlushTxFifo
                0x0801c760                USB_FlushRxFifo
                0x0801c7a4                USB_SetDevSpeed
                0x0801c7d4                USB_GetDevSpeed
                0x0801c840                USB_ActivateEndpoint
                0x0801c954                USB_ActivateDedicatedEndpoint
                0x0801cadc                USB_DeactivateEndpoint
                0x0801cbd4                USB_DeactivateDedicatedEndpoint
                0x0801cc88                USB_EPStartXfer
                0x0801d10c                USB_EP0StartXfer
                0x0801d3c8                USB_WritePacket
                0x0801d438                USB_ReadPacket
                0x0801d48c                USB_EPSetStall
                0x0801d570                USB_EPClearStall
                0x0801d64c                USB_StopDevice
                0x0801d6d4                USB_SetDevAddress
                0x0801d720                USB_DevConnect
                0x0801d750                USB_DevDisconnect
                0x0801d780                USB_ReadInterrupts
                0x0801d7ac                USB_ReadDevAllOutEpInterrupt
                0x0801d7dc                USB_ReadDevAllInEpInterrupt
                0x0801d80c                USB_ReadDevOutEPInterrupt
                0x0801d844                USB_ReadDevInEPInterrupt
                0x0801d898                USB_ClearInterrupts
                0x0801d8b8                USB_GetMode
                0x0801d8d4                USB_ActivateSetup
                0x0801d940                USB_EP0_OutStart
                0x0801da34                USB_HostInit
                0x0801db4c                USB_InitFSLSPClkSel
                0x0801dbc0                USB_ResetPort
                0x0801dc0c                USB_DriveVbus
                0x0801dc78                USB_GetHostSpeed
                0x0801dca0                USB_GetCurrentFrame
                0x0801dcc0                USB_HC_Init
                0x0801de8c                USB_HC_StartXfer
                0x0801e0a4                USB_HC_ReadInterrupt
                0x0801e0c4                USB_HC_Halt
                0x0801e2c4                USB_DoPing
                0x0801e33c                USB_StopHost
 .text          0x0801e43c       0xa4 src/system/cmsis_nvic.o
                0x0801e43c                NVIC_SetVector
                0x0801e4b0                NVIC_GetVector
 .text          0x0801e4e0      0x49c src/system/hw.o
                0x0801e5a0                hw_led_init
                0x0801e5f4                hw_led_set_red
                0x0801e61c                hw_led_set_green
                0x0801e644                hw_link_init
                0x0801e6e0                hw_get_link
                0x0801e6f4                USART2_IRQHandler
                0x0801e704                DMA1_Channel7_IRQHandler
                0x0801e72c                DMA1_Channel6_IRQHandler
                0x0801e754                hw_mems_init
                0x0801e954                hw_get_gyro
                0x0801e968                hw_get_accel
 .text          0x0801e97c       0x3c src/system/stm32l4xx_hal_msp.o
                0x0801e97c                HAL_MspInit
 .text          0x0801e9b8       0x1c src/system/stm32l4xx_it.o
                0x0801e9b8                SysTick_Handler
                0x0801e9c8                OTG_FS_IRQHandler
 .text          0x0801e9d4      0x180 src/system/system_stm32l4xx.o
                0x0801e9d4                SystemInit
                0x0801e9e4                SystemCoreClockUpdate
 .text          0x0801eb54       0x60 src/tasks/task_led.o
                0x0801eb80                task_led_init
 .text          0x0801ebb4      0x31c src/tasks/task_link.o
                0x0801ee9c                task_link_init
 .text          0x0801eed0      0x518 src/tasks/task_measure.o
                0x0801f2e4                task_measure_init
                0x0801f328                get_gyro_data
                0x0801f360                get_accel_data
                0x0801f398                get_angle_data
                0x0801f3d0                get_measuring_duration
 .text          0x0801f3e8      0x1a0 src/main.o
                0x0801f4d0                main
                0x0801f4f0                _sbrk
                0x0801f554                _exit
                0x0801f560                __malloc_lock
                0x0801f574                __malloc_unlock
 .text          0x0801f588       0x14 src/system/startup_stm32l476xx.o
 .text.Reset_Handler
                0x0801f59c       0x4c src/system/startup_stm32l476xx.o
                0x0801f59c                Reset_Handler
 .text.Default_Handler
                0x0801f5e8        0x2 src/system/startup_stm32l476xx.o
                0x0801f5e8                RTC_Alarm_IRQHandler
                0x0801f5e8                EXTI2_IRQHandler
                0x0801f5e8                TIM8_TRG_COM_IRQHandler
                0x0801f5e8                TIM8_CC_IRQHandler
                0x0801f5e8                DebugMon_Handler
                0x0801f5e8                DFSDM0_IRQHandler
                0x0801f5e8                TIM1_CC_IRQHandler
                0x0801f5e8                TSC_IRQHandler
                0x0801f5e8                HardFault_Handler
                0x0801f5e8                TAMP_STAMP_IRQHandler
                0x0801f5e8                NMI_Handler
                0x0801f5e8                EXTI3_IRQHandler
                0x0801f5e8                LPTIM2_IRQHandler
                0x0801f5e8                I2C3_ER_IRQHandler
                0x0801f5e8                EXTI0_IRQHandler
                0x0801f5e8                I2C2_EV_IRQHandler
                0x0801f5e8                CAN1_RX0_IRQHandler
                0x0801f5e8                FPU_IRQHandler
                0x0801f5e8                TIM1_UP_TIM16_IRQHandler
                0x0801f5e8                UsageFault_Handler
                0x0801f5e8                ADC1_2_IRQHandler
                0x0801f5e8                SPI1_IRQHandler
                0x0801f5e8                TIM6_DAC_IRQHandler
                0x0801f5e8                TIM8_UP_IRQHandler
                0x0801f5e8                DMA2_Channel2_IRQHandler
                0x0801f5e8                DMA1_Channel4_IRQHandler
                0x0801f5e8                SAI2_IRQHandler
                0x0801f5e8                USART3_IRQHandler
                0x0801f5e8                CAN1_RX1_IRQHandler
                0x0801f5e8                LCD_IRQHandler
                0x0801f5e8                UART5_IRQHandler
                0x0801f5e8                ADC3_IRQHandler
                0x0801f5e8                TIM4_IRQHandler
                0x0801f5e8                DMA2_Channel1_IRQHandler
                0x0801f5e8                QUADSPI_IRQHandler
                0x0801f5e8                I2C1_EV_IRQHandler
                0x0801f5e8                UART4_IRQHandler
                0x0801f5e8                DMA2_Channel4_IRQHandler
                0x0801f5e8                TIM3_IRQHandler
                0x0801f5e8                RCC_IRQHandler
                0x0801f5e8                DMA1_Channel1_IRQHandler
                0x0801f5e8                Default_Handler
                0x0801f5e8                DMA2_Channel7_IRQHandler
                0x0801f5e8                EXTI15_10_IRQHandler
                0x0801f5e8                TIM7_IRQHandler
                0x0801f5e8                SDMMC1_IRQHandler
                0x0801f5e8                TIM5_IRQHandler
                0x0801f5e8                I2C3_EV_IRQHandler
                0x0801f5e8                DFSDM2_IRQHandler
                0x0801f5e8                EXTI9_5_IRQHandler
                0x0801f5e8                RTC_WKUP_IRQHandler
                0x0801f5e8                PVD_PVM_IRQHandler
                0x0801f5e8                SPI2_IRQHandler
                0x0801f5e8                DFSDM3_IRQHandler
                0x0801f5e8                MemManage_Handler
                0x0801f5e8                CAN1_TX_IRQHandler
                0x0801f5e8                DMA2_Channel5_IRQHandler
                0x0801f5e8                DMA1_Channel5_IRQHandler
                0x0801f5e8                EXTI4_IRQHandler
                0x0801f5e8                RNG_IRQHandler
                0x0801f5e8                TIM1_TRG_COM_TIM17_IRQHandler
                0x0801f5e8                DMA1_Channel3_IRQHandler
                0x0801f5e8                COMP_IRQHandler
                0x0801f5e8                WWDG_IRQHandler
                0x0801f5e8                LPUART1_IRQHandler
                0x0801f5e8                DMA2_Channel6_IRQHandler
                0x0801f5e8                TIM2_IRQHandler
                0x0801f5e8                EXTI1_IRQHandler
                0x0801f5e8                I2C2_ER_IRQHandler
                0x0801f5e8                DMA1_Channel2_IRQHandler
                0x0801f5e8                TIM8_BRK_IRQHandler
                0x0801f5e8                CAN1_SCE_IRQHandler
                0x0801f5e8                FLASH_IRQHandler
                0x0801f5e8                BusFault_Handler
                0x0801f5e8                USART1_IRQHandler
                0x0801f5e8                SPI3_IRQHandler
                0x0801f5e8                I2C1_ER_IRQHandler
                0x0801f5e8                FMC_IRQHandler
                0x0801f5e8                SWPMI1_IRQHandler
                0x0801f5e8                LPTIM1_IRQHandler
                0x0801f5e8                DFSDM1_IRQHandler
                0x0801f5e8                SAI1_IRQHandler
                0x0801f5e8                DMA2_Channel3_IRQHandler
                0x0801f5e8                TIM1_BRK_TIM15_IRQHandler
 .text          0x0801f5ea        0x0 /home/mupimenov/Programs/gcc-arm-none-eabi-4_9-2015q3/bin/../lib/gcc/arm-none-eabi/4.9.3/../../../../arm-none-eabi/lib/armv7e-m/libm.a(lib_a-w_asin.o)
 *fill*         0x0801f5ea        0x2 
 .text.asin     0x0801f5ec       0xa8 /home/mupimenov/Programs/gcc-arm-none-eabi-4_9-2015q3/bin/../lib/gcc/arm-none-eabi/4.9.3/../../../../arm-none-eabi/lib/armv7e-m/libm.a(lib_a-w_asin.o)
                0x0801f5ec                asin
 .text          0x0801f694        0x0 /home/mupimenov/Programs/gcc-arm-none-eabi-4_9-2015q3/bin/../lib/gcc/arm-none-eabi/4.9.3/../../../../arm-none-eabi/lib/armv7e-m/libm.a(lib_a-w_atan2.o)
 .text.atan2    0x0801f694        0x4 /home/mupimenov/Programs/gcc-arm-none-eabi-4_9-2015q3/bin/../lib/gcc/arm-none-eabi/4.9.3/../../../../arm-none-eabi/lib/armv7e-m/libm.a(lib_a-w_atan2.o)
                0x0801f694                atan2
 .text          0x0801f698        0x0 /home/mupimenov/Programs/gcc-arm-none-eabi-4_9-2015q3/bin/../lib/gcc/arm-none-eabi/4.9.3/../../../../arm-none-eabi/lib/armv7e-m/libm.a(lib_a-e_asin.o)
 .text.__ieee754_asin
                0x0801f698      0x45c /home/mupimenov/Programs/gcc-arm-none-eabi-4_9-2015q3/bin/../lib/gcc/arm-none-eabi/4.9.3/../../../../arm-none-eabi/lib/armv7e-m/libm.a(lib_a-e_asin.o)
                0x0801f698                __ieee754_asin
 .text          0x0801faf4        0x0 /home/mupimenov/Programs/gcc-arm-none-eabi-4_9-2015q3/bin/../lib/gcc/arm-none-eabi/4.9.3/../../../../arm-none-eabi/lib/armv7e-m/libm.a(lib_a-e_atan2.o)
 *fill*         0x0801faf4        0x4 
 .text.__ieee754_atan2
                0x0801faf8      0x1b4 /home/mupimenov/Programs/gcc-arm-none-eabi-4_9-2015q3/bin/../lib/gcc/arm-none-eabi/4.9.3/../../../../arm-none-eabi/lib/armv7e-m/libm.a(lib_a-e_atan2.o)
                0x0801faf8                __ieee754_atan2
 .text          0x0801fcac        0x0 /home/mupimenov/Programs/gcc-arm-none-eabi-4_9-2015q3/bin/../lib/gcc/arm-none-eabi/4.9.3/../../../../arm-none-eabi/lib/armv7e-m/libm.a(lib_a-e_sqrt.o)
 .text.__ieee754_sqrt
                0x0801fcac      0x188 /home/mupimenov/Programs/gcc-arm-none-eabi-4_9-2015q3/bin/../lib/gcc/arm-none-eabi/4.9.3/../../../../arm-none-eabi/lib/armv7e-m/libm.a(lib_a-e_sqrt.o)
                0x0801fcac                __ieee754_sqrt
 .text          0x0801fe34        0x0 /home/mupimenov/Programs/gcc-arm-none-eabi-4_9-2015q3/bin/../lib/gcc/arm-none-eabi/4.9.3/../../../../arm-none-eabi/lib/armv7e-m/libm.a(lib_a-s_atan.o)
 *fill*         0x0801fe34        0x4 
 .text.atan     0x0801fe38      0x334 /home/mupimenov/Programs/gcc-arm-none-eabi-4_9-2015q3/bin/../lib/gcc/arm-none-eabi/4.9.3/../../../../arm-none-eabi/lib/armv7e-m/libm.a(lib_a-s_atan.o)
                0x0801fe38                atan
 .text          0x0802016c        0x0 /home/mupimenov/Programs/gcc-arm-none-eabi-4_9-2015q3/bin/../lib/gcc/arm-none-eabi/4.9.3/../../../../arm-none-eabi/lib/armv7e-m/libm.a(lib_a-s_fabs.o)
 .text.fabs     0x0802016c        0x8 /home/mupimenov/Programs/gcc-arm-none-eabi-4_9-2015q3/bin/../lib/gcc/arm-none-eabi/4.9.3/../../../../arm-none-eabi/lib/armv7e-m/libm.a(lib_a-s_fabs.o)
                0x0802016c                fabs
 .text          0x08020174        0x0 /home/mupimenov/Programs/gcc-arm-none-eabi-4_9-2015q3/bin/../lib/gcc/arm-none-eabi/4.9.3/../../../../arm-none-eabi/lib/armv7e-m/libm.a(lib_a-s_fpclassify.o)
 .text.__fpclassifyd
                0x08020174       0x58 /home/mupimenov/Programs/gcc-arm-none-eabi-4_9-2015q3/bin/../lib/gcc/arm-none-eabi/4.9.3/../../../../arm-none-eabi/lib/armv7e-m/libm.a(lib_a-s_fpclassify.o)
                0x08020174                __fpclassifyd
 .text          0x080201cc        0x0 /home/mupimenov/Programs/gcc-arm-none-eabi-4_9-2015q3/bin/../lib/gcc/arm-none-eabi/4.9.3/../../../../arm-none-eabi/lib/armv7e-m/libm.a(lib_a-s_lib_ver.o)
 .text          0x080201cc        0x0 /home/mupimenov/Programs/gcc-arm-none-eabi-4_9-2015q3/bin/../lib/gcc/arm-none-eabi/4.9.3/../../../../arm-none-eabi/lib/armv7e-m/libm.a(lib_a-s_matherr.o)
 .text.matherr  0x080201cc        0x4 /home/mupimenov/Programs/gcc-arm-none-eabi-4_9-2015q3/bin/../lib/gcc/arm-none-eabi/4.9.3/../../../../arm-none-eabi/lib/armv7e-m/libm.a(lib_a-s_matherr.o)
                0x080201cc                matherr
 .text          0x080201d0        0x0 /home/mupimenov/Programs/gcc-arm-none-eabi-4_9-2015q3/bin/../lib/gcc/arm-none-eabi/4.9.3/../../../../arm-none-eabi/lib/armv7e-m/libm.a(lib_a-s_nan.o)
 .text.nan      0x080201d0        0xc /home/mupimenov/Programs/gcc-arm-none-eabi-4_9-2015q3/bin/../lib/gcc/arm-none-eabi/4.9.3/../../../../arm-none-eabi/lib/armv7e-m/libm.a(lib_a-s_nan.o)
                0x080201d0                nan
 .text          0x080201dc      0x370 /home/mupimenov/Programs/gcc-arm-none-eabi-4_9-2015q3/bin/../lib/gcc/arm-none-eabi/4.9.3/armv7e-m/libgcc.a(_arm_addsubdf3.o)
                0x080201dc                __aeabi_drsub
                0x080201e4                __aeabi_dsub
                0x080201e4                __subdf3
                0x080201e8                __adddf3
                0x080201e8                __aeabi_dadd
                0x08020460                __aeabi_ui2d
                0x08020460                __floatunsidf
                0x08020480                __floatsidf
                0x08020480                __aeabi_i2d
                0x080204a4                __extendsfdf2
                0x080204a4                __aeabi_f2d
                0x080204e0                __aeabi_ul2d
                0x080204e0                __floatundidf
                0x080204f0                __floatdidf
                0x080204f0                __aeabi_l2d
 .text          0x0802054c      0x424 /home/mupimenov/Programs/gcc-arm-none-eabi-4_9-2015q3/bin/../lib/gcc/arm-none-eabi/4.9.3/armv7e-m/libgcc.a(_arm_muldivdf3.o)
                0x0802054c                __aeabi_dmul
                0x0802054c                __muldf3
                0x080207a0                __aeabi_ddiv
                0x080207a0                __divdf3
 .text          0x08020970      0x110 /home/mupimenov/Programs/gcc-arm-none-eabi-4_9-2015q3/bin/../lib/gcc/arm-none-eabi/4.9.3/armv7e-m/libgcc.a(_arm_cmpdf2.o)
                0x08020970                __gtdf2
                0x08020970                __gedf2
                0x08020978                __ltdf2
                0x08020978                __ledf2
                0x08020980                __cmpdf2
                0x08020980                __eqdf2
                0x08020980                __nedf2
                0x080209fc                __aeabi_cdrcmple
                0x08020a0c                __aeabi_cdcmple
                0x08020a0c                __aeabi_cdcmpeq
                0x08020a1c                __aeabi_dcmpeq
                0x08020a30                __aeabi_dcmplt
                0x08020a44                __aeabi_dcmple
                0x08020a58                __aeabi_dcmpge
                0x08020a6c                __aeabi_dcmpgt
 .text          0x08020a80       0xa0 /home/mupimenov/Programs/gcc-arm-none-eabi-4_9-2015q3/bin/../lib/gcc/arm-none-eabi/4.9.3/armv7e-m/libgcc.a(_arm_truncdfsf2.o)
                0x08020a80                __aeabi_d2f
                0x08020a80                __truncdfsf2
 .text          0x08020b20        0x0 /home/mupimenov/Programs/gcc-arm-none-eabi-4_9-2015q3/bin/../lib/gcc/arm-none-eabi/4.9.3/../../../../arm-none-eabi/lib/armv7e-m/libc.a(lib_a-errno.o)
 .text.__errno  0x08020b20        0xc /home/mupimenov/Programs/gcc-arm-none-eabi-4_9-2015q3/bin/../lib/gcc/arm-none-eabi/4.9.3/../../../../arm-none-eabi/lib/armv7e-m/libc.a(lib_a-errno.o)
                0x08020b20                __errno
 .text          0x08020b2c        0x0 /home/mupimenov/Programs/gcc-arm-none-eabi-4_9-2015q3/bin/../lib/gcc/arm-none-eabi/4.9.3/../../../../arm-none-eabi/lib/armv7e-m/libc.a(lib_a-impure.o)
 .text          0x08020b2c        0x0 /home/mupimenov/Programs/gcc-arm-none-eabi-4_9-2015q3/bin/../lib/gcc/arm-none-eabi/4.9.3/../../../../arm-none-eabi/lib/armv7e-m/libc.a(lib_a-malloc.o)
 .text.malloc   0x08020b2c       0x10 /home/mupimenov/Programs/gcc-arm-none-eabi-4_9-2015q3/bin/../lib/gcc/arm-none-eabi/4.9.3/../../../../arm-none-eabi/lib/armv7e-m/libc.a(lib_a-malloc.o)
                0x08020b2c                malloc
 .text.free     0x08020b3c       0x10 /home/mupimenov/Programs/gcc-arm-none-eabi-4_9-2015q3/bin/../lib/gcc/arm-none-eabi/4.9.3/../../../../arm-none-eabi/lib/armv7e-m/libc.a(lib_a-malloc.o)
                0x08020b3c                free
 .text          0x08020b4c        0x0 /home/mupimenov/Programs/gcc-arm-none-eabi-4_9-2015q3/bin/../lib/gcc/arm-none-eabi/4.9.3/../../../../arm-none-eabi/lib/armv7e-m/libc.a(lib_a-mallocr.o)
 .text._malloc_r
                0x08020b4c      0x524 /home/mupimenov/Programs/gcc-arm-none-eabi-4_9-2015q3/bin/../lib/gcc/arm-none-eabi/4.9.3/../../../../arm-none-eabi/lib/armv7e-m/libc.a(lib_a-mallocr.o)
                0x08020b4c                _malloc_r
 .text          0x08021070      0x134 /home/mupimenov/Programs/gcc-arm-none-eabi-4_9-2015q3/bin/../lib/gcc/arm-none-eabi/4.9.3/../../../../arm-none-eabi/lib/armv7e-m/libc.a(lib_a-memcpy.o)
                0x08021070                memcpy
 .text          0x080211a4        0x0 /home/mupimenov/Programs/gcc-arm-none-eabi-4_9-2015q3/bin/../lib/gcc/arm-none-eabi/4.9.3/../../../../arm-none-eabi/lib/armv7e-m/libc.a(lib_a-memset.o)
 .text.memset   0x080211a4       0x9c /home/mupimenov/Programs/gcc-arm-none-eabi-4_9-2015q3/bin/../lib/gcc/arm-none-eabi/4.9.3/../../../../arm-none-eabi/lib/armv7e-m/libc.a(lib_a-memset.o)
                0x080211a4                memset
 .text          0x08021240        0x0 /home/mupimenov/Programs/gcc-arm-none-eabi-4_9-2015q3/bin/../lib/gcc/arm-none-eabi/4.9.3/../../../../arm-none-eabi/lib/armv7e-m/libc.a(lib_a-sbrkr.o)
 .text._sbrk_r  0x08021240       0x24 /home/mupimenov/Programs/gcc-arm-none-eabi-4_9-2015q3/bin/../lib/gcc/arm-none-eabi/4.9.3/../../../../arm-none-eabi/lib/armv7e-m/libc.a(lib_a-sbrkr.o)
                0x08021240                _sbrk_r
 .text          0x08021264        0x0 /home/mupimenov/Programs/gcc-arm-none-eabi-4_9-2015q3/bin/../lib/gcc/arm-none-eabi/4.9.3/../../../../arm-none-eabi/lib/armv7e-m/libc.a(lib_a-strlen.o)
 .text.strlen   0x08021264       0x5c /home/mupimenov/Programs/gcc-arm-none-eabi-4_9-2015q3/bin/../lib/gcc/arm-none-eabi/4.9.3/../../../../arm-none-eabi/lib/armv7e-m/libc.a(lib_a-strlen.o)
                0x08021264                strlen
 .text          0x080212c0        0x0 /home/mupimenov/Programs/gcc-arm-none-eabi-4_9-2015q3/bin/../lib/gcc/arm-none-eabi/4.9.3/../../../../arm-none-eabi/lib/armv7e-m/libc.a(lib_a-freer.o)
 .text._malloc_trim_r
                0x080212c0       0x9c /home/mupimenov/Programs/gcc-arm-none-eabi-4_9-2015q3/bin/../lib/gcc/arm-none-eabi/4.9.3/../../../../arm-none-eabi/lib/armv7e-m/libc.a(lib_a-freer.o)
                0x080212c0                _malloc_trim_r
 .text._free_r  0x0802135c      0x1b0 /home/mupimenov/Programs/gcc-arm-none-eabi-4_9-2015q3/bin/../lib/gcc/arm-none-eabi/4.9.3/../../../../arm-none-eabi/lib/armv7e-m/libc.a(lib_a-freer.o)
                0x0802135c                _free_r
 .text          0x0802150c        0x0 /home/mupimenov/Programs/gcc-arm-none-eabi-4_9-2015q3/bin/../lib/gcc/arm-none-eabi/4.9.3/../../../../arm-none-eabi/lib/armv7e-m/libc.a(lib_a-reent.o)
 .text.cleanup_glue
                0x0802150c       0x1c /home/mupimenov/Programs/gcc-arm-none-eabi-4_9-2015q3/bin/../lib/gcc/arm-none-eabi/4.9.3/../../../../arm-none-eabi/lib/armv7e-m/libc.a(lib_a-reent.o)
                0x0802150c                cleanup_glue
 .text._reclaim_reent
                0x08021528       0x88 /home/mupimenov/Programs/gcc-arm-none-eabi-4_9-2015q3/bin/../lib/gcc/arm-none-eabi/4.9.3/../../../../arm-none-eabi/lib/armv7e-m/libc.a(lib_a-reent.o)
                0x08021528                _reclaim_reent
 *(.init)
 *(.fini)
 *crtbegin.o(.ctors)
 *crtbegin?.o(.ctors)
 *(EXCLUDE_FILE(*crtend.o *crtend?.o) .ctors)
 *(SORT(.ctors.*))
 *(.ctors)
 *crtbegin.o(.dtors)
 *crtbegin?.o(.dtors)
 *(EXCLUDE_FILE(*crtend.o *crtend?.o) .dtors)
 *(SORT(.dtors.*))
 *(.dtors)
 *(.rodata*)
 .rodata        0x080215b0       0x44 src/drivers/stm32l4_uart_device.o
 .rodata        0x080215f4        0x4 src/freertos/portable/port.o
 .rodata        0x080215f8        0x5 src/freertos/tasks.o
 *fill*         0x080215fd        0x3 
 .rodata        0x08021600        0xd src/freertos/timers.o
 *fill*         0x0802160d        0x3 
 .rodata        0x08021610      0x200 src/lib/modbus.o
 .rodata        0x08021810        0x1 src/os/cmsis_os.o
 *fill*         0x08021811        0x3 
 .rodata        0x08021814        0x7 src/system/hal/src/stm32l4xx_ll_dma.o
 *fill*         0x0802181b        0x1 
 .rodata        0x0802181c        0x8 src/system/hal/src/stm32l4xx_ll_rcc.o
 .rodata        0x08021824        0x8 src/system/hal/src/stm32l4xx_ll_usart.o
 .rodata        0x0802182c        0x7 src/system/hw.o
 *fill*         0x08021833        0x1 
 .rodata        0x08021834       0x48 src/system/system_stm32l4xx.o
                0x08021834                AHBPrescTable
                0x08021844                APBPrescTable
                0x0802184c                MSIRangeTable
 .rodata        0x0802187c       0x20 src/tasks/task_led.o
 .rodata        0x0802189c       0x68 src/tasks/task_link.o
 .rodata        0x08021904       0x6c src/tasks/task_measure.o
 .rodata.str1.4
                0x08021970        0x5 /home/mupimenov/Programs/gcc-arm-none-eabi-4_9-2015q3/bin/../lib/gcc/arm-none-eabi/4.9.3/../../../../arm-none-eabi/lib/armv7e-m/libm.a(lib_a-w_asin.o)
                                  0x9 (size before relaxing)
 *fill*         0x08021975        0x3 
 .rodata.atanlo
                0x08021978       0x20 /home/mupimenov/Programs/gcc-arm-none-eabi-4_9-2015q3/bin/../lib/gcc/arm-none-eabi/4.9.3/../../../../arm-none-eabi/lib/armv7e-m/libm.a(lib_a-s_atan.o)
 .rodata.atanhi
                0x08021998       0x20 /home/mupimenov/Programs/gcc-arm-none-eabi-4_9-2015q3/bin/../lib/gcc/arm-none-eabi/4.9.3/../../../../arm-none-eabi/lib/armv7e-m/libm.a(lib_a-s_atan.o)
 .rodata.str1.4
                0x080219b8        0x4 /home/mupimenov/Programs/gcc-arm-none-eabi-4_9-2015q3/bin/../lib/gcc/arm-none-eabi/4.9.3/../../../../arm-none-eabi/lib/armv7e-m/libc.a(lib_a-impure.o)
                                  0x2 (size before relaxing)
 .rodata._global_impure_ptr
                0x080219bc        0x4 /home/mupimenov/Programs/gcc-arm-none-eabi-4_9-2015q3/bin/../lib/gcc/arm-none-eabi/4.9.3/../../../../arm-none-eabi/lib/armv7e-m/libc.a(lib_a-impure.o)
                0x080219bc                _global_impure_ptr
 *(.eh_frame*)

.glue_7         0x080219c0        0x0
 .glue_7        0x00000000        0x0 linker stubs

.glue_7t        0x080219c0        0x0
 .glue_7t       0x00000000        0x0 linker stubs

.vfp11_veneer   0x080219c0        0x0
 .vfp11_veneer  0x00000000        0x0 linker stubs

.v4_bx          0x080219c0        0x0
 .v4_bx         0x00000000        0x0 linker stubs

.iplt           0x080219c0        0x0
 .iplt          0x00000000        0x0 src/drivers/accelerometer.o

.RamFunc        0x080219c0       0x68
 .RamFunc       0x080219c0       0x68 src/system/hal/src/stm32l4xx_hal_flash_ramfunc.o
                0x080219c0                HAL_FLASHEx_EnableRunPowerDown
                0x080219f4                HAL_FLASHEx_DisableRunPowerDown

.rel.dyn        0x08021a28        0x0
 .rel.iplt      0x00000000        0x0 src/drivers/accelerometer.o

.ARM.extab
 *(.ARM.extab* .gnu.linkonce.armextab.*)
                0x08021a28                __exidx_start = .

.ARM.exidx
 *(.ARM.exidx* .gnu.linkonce.armexidx.*)
                0x08021a28                __exidx_end = .
                0x08021a28                __etext = .
                0x08021a28                _sidata = .

.data           0x10000188      0x984 load address 0x08021a28
                0x10000188                __data_start__ = .
                0x10000188                _sdata = .
 *(vtable)
 *(.data*)
 .data          0x10000188        0x0 src/drivers/accelerometer.o
 .data          0x10000188        0x0 src/drivers/block_device.o
 .data          0x10000188        0x0 src/drivers/gpio.o
 .data          0x10000188        0x0 src/drivers/gyro.o
 .data          0x10000188       0x10 src/drivers/l3gd20.o
 .data          0x10000198       0x10 src/drivers/lsm303c.o
 .data          0x100001a8        0x0 src/drivers/stm32l4_gpio_pin.o
 .data          0x100001a8        0xc src/drivers/stm32l4_spi_device.o
 .data          0x100001b4       0x28 src/drivers/stm32l4_uart_device.o
 .data          0x100001dc        0x4 src/freertos/portable/port.o
 .data          0x100001e0        0x0 src/freertos/croutine.o
 .data          0x100001e0        0x0 src/freertos/event_groups.o
 .data          0x100001e0        0x0 src/freertos/heap_3_fixed.o
 .data          0x100001e0        0x0 src/freertos/list.o
 .data          0x100001e0        0x0 src/freertos/queue.o
 .data          0x100001e0        0x0 src/freertos/tasks.o
 .data          0x100001e0        0x0 src/freertos/timers.o
 .data          0x100001e0        0x0 src/lib/filters.o
 .data          0x100001e0        0x0 src/lib/kalman.o
 .data          0x100001e0        0x0 src/lib/madgwick_ahrs.o
 .data          0x100001e0        0x0 src/lib/modbus.o
 .data          0x100001e0        0x0 src/os/cmsis_os.o
 .data          0x100001e0        0x0 src/system/hal/src/stm32l4xx_hal_cortex.o
 .data          0x100001e0        0x0 src/system/hal/src/stm32l4xx_hal_dma.o
 .data          0x100001e0        0x0 src/system/hal/src/stm32l4xx_hal_flash_ex.o
 .data          0x100001e0        0x0 src/system/hal/src/stm32l4xx_hal_flash_ramfunc.o
 .data          0x100001e0        0x0 src/system/hal/src/stm32l4xx_hal_flash.o
 .data          0x100001e0        0x0 src/system/hal/src/stm32l4xx_hal_gpio.o
 .data          0x100001e0        0x0 src/system/hal/src/stm32l4xx_hal_i2c_ex.o
 .data          0x100001e0        0x0 src/system/hal/src/stm32l4xx_hal_i2c.o
 .data          0x100001e0        0x0 src/system/hal/src/stm32l4xx_hal_pcd_ex.o
 .data          0x100001e0        0x0 src/system/hal/src/stm32l4xx_hal_pcd.o
 .data          0x100001e0        0x0 src/system/hal/src/stm32l4xx_hal_pwr_ex.o
 .data          0x100001e0        0x0 src/system/hal/src/stm32l4xx_hal_pwr.o
 .data          0x100001e0        0x0 src/system/hal/src/stm32l4xx_hal_qspi.o
 .data          0x100001e0        0x0 src/system/hal/src/stm32l4xx_hal_rcc_ex.o
 .data          0x100001e0        0x0 src/system/hal/src/stm32l4xx_hal_rcc.o
 .data          0x100001e0        0x0 src/system/hal/src/stm32l4xx_hal_rtc_ex.o
 .data          0x100001e0        0x0 src/system/hal/src/stm32l4xx_hal_rtc.o
 .data          0x100001e0        0x0 src/system/hal/src/stm32l4xx_hal_tim_ex.o
 .data          0x100001e0        0x0 src/system/hal/src/stm32l4xx_hal_tim.o
 .data          0x100001e0        0x0 src/system/hal/src/stm32l4xx_hal.o
 .data          0x100001e0        0x0 src/system/hal/src/stm32l4xx_ll_dma.o
 .data          0x100001e0        0x0 src/system/hal/src/stm32l4xx_ll_rcc.o
 .data          0x100001e0        0x0 src/system/hal/src/stm32l4xx_ll_spi.o
 .data          0x100001e0        0x0 src/system/hal/src/stm32l4xx_ll_usart.o
 .data          0x100001e0        0x0 src/system/hal/src/stm32l4xx_ll_usb.o
 .data          0x100001e0        0x0 src/system/cmsis_nvic.o
 .data          0x100001e0       0xe4 src/system/hw.o
 .data          0x100002c4        0x0 src/system/stm32l4xx_hal_msp.o
 .data          0x100002c4        0x0 src/system/stm32l4xx_it.o
 .data          0x100002c4        0x4 src/system/system_stm32l4xx.o
                0x100002c4                SystemCoreClock
 .data          0x100002c8        0x0 src/tasks/task_led.o
 .data          0x100002c8        0x0 src/tasks/task_link.o
 .data          0x100002c8        0x0 src/tasks/task_measure.o
 .data          0x100002c8        0x0 src/main.o
 .data          0x100002c8        0x0 src/system/startup_stm32l476xx.o
 .data          0x100002c8        0x0 /home/mupimenov/Programs/gcc-arm-none-eabi-4_9-2015q3/bin/../lib/gcc/arm-none-eabi/4.9.3/../../../../arm-none-eabi/lib/armv7e-m/libm.a(lib_a-w_asin.o)
 .data          0x100002c8        0x0 /home/mupimenov/Programs/gcc-arm-none-eabi-4_9-2015q3/bin/../lib/gcc/arm-none-eabi/4.9.3/../../../../arm-none-eabi/lib/armv7e-m/libm.a(lib_a-w_atan2.o)
 .data          0x100002c8        0x0 /home/mupimenov/Programs/gcc-arm-none-eabi-4_9-2015q3/bin/../lib/gcc/arm-none-eabi/4.9.3/../../../../arm-none-eabi/lib/armv7e-m/libm.a(lib_a-e_asin.o)
 .data          0x100002c8        0x0 /home/mupimenov/Programs/gcc-arm-none-eabi-4_9-2015q3/bin/../lib/gcc/arm-none-eabi/4.9.3/../../../../arm-none-eabi/lib/armv7e-m/libm.a(lib_a-e_atan2.o)
 .data          0x100002c8        0x0 /home/mupimenov/Programs/gcc-arm-none-eabi-4_9-2015q3/bin/../lib/gcc/arm-none-eabi/4.9.3/../../../../arm-none-eabi/lib/armv7e-m/libm.a(lib_a-e_sqrt.o)
 .data          0x100002c8        0x0 /home/mupimenov/Programs/gcc-arm-none-eabi-4_9-2015q3/bin/../lib/gcc/arm-none-eabi/4.9.3/../../../../arm-none-eabi/lib/armv7e-m/libm.a(lib_a-s_atan.o)
 .data          0x100002c8        0x0 /home/mupimenov/Programs/gcc-arm-none-eabi-4_9-2015q3/bin/../lib/gcc/arm-none-eabi/4.9.3/../../../../arm-none-eabi/lib/armv7e-m/libm.a(lib_a-s_fabs.o)
 .data          0x100002c8        0x0 /home/mupimenov/Programs/gcc-arm-none-eabi-4_9-2015q3/bin/../lib/gcc/arm-none-eabi/4.9.3/../../../../arm-none-eabi/lib/armv7e-m/libm.a(lib_a-s_fpclassify.o)
 .data          0x100002c8        0x0 /home/mupimenov/Programs/gcc-arm-none-eabi-4_9-2015q3/bin/../lib/gcc/arm-none-eabi/4.9.3/../../../../arm-none-eabi/lib/armv7e-m/libm.a(lib_a-s_lib_ver.o)
 .data.__fdlib_version
                0x100002c8        0x1 /home/mupimenov/Programs/gcc-arm-none-eabi-4_9-2015q3/bin/../lib/gcc/arm-none-eabi/4.9.3/../../../../arm-none-eabi/lib/armv7e-m/libm.a(lib_a-s_lib_ver.o)
                0x100002c8                __fdlib_version
 .data          0x100002c9        0x0 /home/mupimenov/Programs/gcc-arm-none-eabi-4_9-2015q3/bin/../lib/gcc/arm-none-eabi/4.9.3/../../../../arm-none-eabi/lib/armv7e-m/libm.a(lib_a-s_matherr.o)
 .data          0x100002c9        0x0 /home/mupimenov/Programs/gcc-arm-none-eabi-4_9-2015q3/bin/../lib/gcc/arm-none-eabi/4.9.3/../../../../arm-none-eabi/lib/armv7e-m/libm.a(lib_a-s_nan.o)
 .data          0x100002c9        0x0 /home/mupimenov/Programs/gcc-arm-none-eabi-4_9-2015q3/bin/../lib/gcc/arm-none-eabi/4.9.3/armv7e-m/libgcc.a(_arm_addsubdf3.o)
 .data          0x100002c9        0x0 /home/mupimenov/Programs/gcc-arm-none-eabi-4_9-2015q3/bin/../lib/gcc/arm-none-eabi/4.9.3/armv7e-m/libgcc.a(_arm_muldivdf3.o)
 .data          0x100002c9        0x0 /home/mupimenov/Programs/gcc-arm-none-eabi-4_9-2015q3/bin/../lib/gcc/arm-none-eabi/4.9.3/armv7e-m/libgcc.a(_arm_cmpdf2.o)
 .data          0x100002c9        0x0 /home/mupimenov/Programs/gcc-arm-none-eabi-4_9-2015q3/bin/../lib/gcc/arm-none-eabi/4.9.3/armv7e-m/libgcc.a(_arm_truncdfsf2.o)
 .data          0x100002c9        0x0 /home/mupimenov/Programs/gcc-arm-none-eabi-4_9-2015q3/bin/../lib/gcc/arm-none-eabi/4.9.3/../../../../arm-none-eabi/lib/armv7e-m/libc.a(lib_a-errno.o)
 .data          0x100002c9        0x0 /home/mupimenov/Programs/gcc-arm-none-eabi-4_9-2015q3/bin/../lib/gcc/arm-none-eabi/4.9.3/../../../../arm-none-eabi/lib/armv7e-m/libc.a(lib_a-impure.o)
 *fill*         0x100002c9        0x7 
 .data.impure_data
                0x100002d0      0x428 /home/mupimenov/Programs/gcc-arm-none-eabi-4_9-2015q3/bin/../lib/gcc/arm-none-eabi/4.9.3/../../../../arm-none-eabi/lib/armv7e-m/libc.a(lib_a-impure.o)
 .data._impure_ptr
                0x100006f8        0x4 /home/mupimenov/Programs/gcc-arm-none-eabi-4_9-2015q3/bin/../lib/gcc/arm-none-eabi/4.9.3/../../../../arm-none-eabi/lib/armv7e-m/libc.a(lib_a-impure.o)
                0x100006f8                _impure_ptr
 .data          0x100006fc        0x0 /home/mupimenov/Programs/gcc-arm-none-eabi-4_9-2015q3/bin/../lib/gcc/arm-none-eabi/4.9.3/../../../../arm-none-eabi/lib/armv7e-m/libc.a(lib_a-malloc.o)
 .data          0x100006fc        0x0 /home/mupimenov/Programs/gcc-arm-none-eabi-4_9-2015q3/bin/../lib/gcc/arm-none-eabi/4.9.3/../../../../arm-none-eabi/lib/armv7e-m/libc.a(lib_a-mallocr.o)
 .data.__malloc_av_
                0x100006fc      0x408 /home/mupimenov/Programs/gcc-arm-none-eabi-4_9-2015q3/bin/../lib/gcc/arm-none-eabi/4.9.3/../../../../arm-none-eabi/lib/armv7e-m/libc.a(lib_a-mallocr.o)
                0x100006fc                __malloc_av_
 .data.__malloc_trim_threshold
                0x10000b04        0x4 /home/mupimenov/Programs/gcc-arm-none-eabi-4_9-2015q3/bin/../lib/gcc/arm-none-eabi/4.9.3/../../../../arm-none-eabi/lib/armv7e-m/libc.a(lib_a-mallocr.o)
                0x10000b04                __malloc_trim_threshold
 .data.__malloc_sbrk_base
                0x10000b08        0x4 /home/mupimenov/Programs/gcc-arm-none-eabi-4_9-2015q3/bin/../lib/gcc/arm-none-eabi/4.9.3/../../../../arm-none-eabi/lib/armv7e-m/libc.a(lib_a-mallocr.o)
                0x10000b08                __malloc_sbrk_base
 .data          0x10000b0c        0x0 /home/mupimenov/Programs/gcc-arm-none-eabi-4_9-2015q3/bin/../lib/gcc/arm-none-eabi/4.9.3/../../../../arm-none-eabi/lib/armv7e-m/libc.a(lib_a-memcpy.o)
 .data          0x10000b0c        0x0 /home/mupimenov/Programs/gcc-arm-none-eabi-4_9-2015q3/bin/../lib/gcc/arm-none-eabi/4.9.3/../../../../arm-none-eabi/lib/armv7e-m/libc.a(lib_a-memset.o)
 .data          0x10000b0c        0x0 /home/mupimenov/Programs/gcc-arm-none-eabi-4_9-2015q3/bin/../lib/gcc/arm-none-eabi/4.9.3/../../../../arm-none-eabi/lib/armv7e-m/libc.a(lib_a-sbrkr.o)
 .data          0x10000b0c        0x0 /home/mupimenov/Programs/gcc-arm-none-eabi-4_9-2015q3/bin/../lib/gcc/arm-none-eabi/4.9.3/../../../../arm-none-eabi/lib/armv7e-m/libc.a(lib_a-strlen.o)
 .data          0x10000b0c        0x0 /home/mupimenov/Programs/gcc-arm-none-eabi-4_9-2015q3/bin/../lib/gcc/arm-none-eabi/4.9.3/../../../../arm-none-eabi/lib/armv7e-m/libc.a(lib_a-freer.o)
 .data          0x10000b0c        0x0 /home/mupimenov/Programs/gcc-arm-none-eabi-4_9-2015q3/bin/../lib/gcc/arm-none-eabi/4.9.3/../../../../arm-none-eabi/lib/armv7e-m/libc.a(lib_a-reent.o)
                0x10000b0c                . = ALIGN (0x4)
                0x10000b0c                PROVIDE (__preinit_array_start, .)
 *(.preinit_array)
                0x10000b0c                PROVIDE (__preinit_array_end, .)
                0x10000b0c                . = ALIGN (0x4)
                0x10000b0c                PROVIDE (__init_array_start, .)
 *(SORT(.init_array.*))
 *(.init_array)
                0x10000b0c                PROVIDE (__init_array_end, .)
                0x10000b0c                . = ALIGN (0x4)
                0x10000b0c                PROVIDE (__fini_array_start, .)
 *(SORT(.fini_array.*))
 *(.fini_array)
                0x10000b0c                PROVIDE (__fini_array_end, .)
 *(.jcr*)
                0x10000b0c                . = ALIGN (0x4)
                0x10000b0c                __data_end__ = .
                0x10000b0c                _edata = .

.igot.plt       0x10000b0c        0x0 load address 0x080223ac
 .igot.plt      0x00000000        0x0 src/drivers/accelerometer.o

.bss            0x10000b0c      0x68c load address 0x080223ac
                0x10000b0c                . = ALIGN (0x4)
                0x10000b0c                __bss_start__ = .
                0x10000b0c                _sbss = .
 *(.bss*)
 .bss           0x10000b0c        0x0 src/drivers/accelerometer.o
 .bss           0x10000b0c        0x0 src/drivers/block_device.o
 .bss           0x10000b0c        0x0 src/drivers/gpio.o
 .bss           0x10000b0c        0x0 src/drivers/gyro.o
 .bss           0x10000b0c        0x0 src/drivers/l3gd20.o
 .bss           0x10000b0c        0x0 src/drivers/lsm303c.o
 .bss           0x10000b0c        0x0 src/drivers/stm32l4_gpio_pin.o
 .bss           0x10000b0c        0x0 src/drivers/stm32l4_spi_device.o
 .bss           0x10000b0c        0x0 src/drivers/stm32l4_uart_device.o
 .bss           0x10000b0c        0x8 src/freertos/portable/port.o
 .bss           0x10000b14        0x0 src/freertos/croutine.o
 .bss           0x10000b14        0x0 src/freertos/event_groups.o
 .bss           0x10000b14        0x0 src/freertos/heap_3_fixed.o
 .bss           0x10000b14        0x0 src/freertos/list.o
 .bss           0x10000b14        0x0 src/freertos/queue.o
 .bss           0x10000b14      0x128 src/freertos/tasks.o
                0x10000b14                pxCurrentTCB
 .bss           0x10000c3c       0x38 src/freertos/timers.o
 .bss           0x10000c74        0x0 src/lib/filters.o
 .bss           0x10000c74        0x0 src/lib/kalman.o
 .bss           0x10000c74        0x0 src/lib/madgwick_ahrs.o
 .bss           0x10000c74        0x0 src/lib/modbus.o
 .bss           0x10000c74        0x0 src/os/cmsis_os.o
 .bss           0x10000c74        0x0 src/system/hal/src/stm32l4xx_hal_cortex.o
 .bss           0x10000c74        0x0 src/system/hal/src/stm32l4xx_hal_dma.o
 .bss           0x10000c74        0x0 src/system/hal/src/stm32l4xx_hal_flash_ex.o
 .bss           0x10000c74        0x0 src/system/hal/src/stm32l4xx_hal_flash_ramfunc.o
 .bss           0x10000c74        0x0 src/system/hal/src/stm32l4xx_hal_flash.o
 .bss           0x10000c74        0x0 src/system/hal/src/stm32l4xx_hal_gpio.o
 .bss           0x10000c74        0x0 src/system/hal/src/stm32l4xx_hal_i2c_ex.o
 .bss           0x10000c74        0x0 src/system/hal/src/stm32l4xx_hal_i2c.o
 .bss           0x10000c74        0x0 src/system/hal/src/stm32l4xx_hal_pcd_ex.o
 .bss           0x10000c74        0x0 src/system/hal/src/stm32l4xx_hal_pcd.o
 .bss           0x10000c74        0x0 src/system/hal/src/stm32l4xx_hal_pwr_ex.o
 .bss           0x10000c74        0x0 src/system/hal/src/stm32l4xx_hal_pwr.o
 .bss           0x10000c74        0x0 src/system/hal/src/stm32l4xx_hal_qspi.o
 .bss           0x10000c74        0x0 src/system/hal/src/stm32l4xx_hal_rcc_ex.o
 .bss           0x10000c74        0x0 src/system/hal/src/stm32l4xx_hal_rcc.o
 .bss           0x10000c74        0x0 src/system/hal/src/stm32l4xx_hal_rtc_ex.o
 .bss           0x10000c74        0x0 src/system/hal/src/stm32l4xx_hal_rtc.o
 .bss           0x10000c74        0x0 src/system/hal/src/stm32l4xx_hal_tim_ex.o
 .bss           0x10000c74        0x0 src/system/hal/src/stm32l4xx_hal_tim.o
 .bss           0x10000c74        0x0 src/system/hal/src/stm32l4xx_hal.o
 .bss           0x10000c74        0x0 src/system/hal/src/stm32l4xx_ll_dma.o
 .bss           0x10000c74        0x0 src/system/hal/src/stm32l4xx_ll_rcc.o
 .bss           0x10000c74        0x0 src/system/hal/src/stm32l4xx_ll_spi.o
 .bss           0x10000c74        0x0 src/system/hal/src/stm32l4xx_ll_usart.o
 .bss           0x10000c74        0x4 src/system/hal/src/stm32l4xx_ll_usb.o
 .bss           0x10000c78        0x0 src/system/cmsis_nvic.o
 .bss           0x10000c78      0x13c src/system/hw.o
 .bss           0x10000db4        0x0 src/system/stm32l4xx_hal_msp.o
 .bss           0x10000db4        0x0 src/system/stm32l4xx_it.o
 .bss           0x10000db4        0x0 src/system/system_stm32l4xx.o
 .bss           0x10000db4        0x4 src/tasks/task_led.o
 .bss           0x10000db8      0x278 src/tasks/task_link.o
 .bss           0x10001030       0xcc src/tasks/task_measure.o
 .bss           0x100010fc        0x4 src/main.o
 .bss           0x10001100        0x0 src/system/startup_stm32l476xx.o
 .bss           0x10001100        0x0 /home/mupimenov/Programs/gcc-arm-none-eabi-4_9-2015q3/bin/../lib/gcc/arm-none-eabi/4.9.3/../../../../arm-none-eabi/lib/armv7e-m/libm.a(lib_a-w_asin.o)
 .bss           0x10001100        0x0 /home/mupimenov/Programs/gcc-arm-none-eabi-4_9-2015q3/bin/../lib/gcc/arm-none-eabi/4.9.3/../../../../arm-none-eabi/lib/armv7e-m/libm.a(lib_a-w_atan2.o)
 .bss           0x10001100        0x0 /home/mupimenov/Programs/gcc-arm-none-eabi-4_9-2015q3/bin/../lib/gcc/arm-none-eabi/4.9.3/../../../../arm-none-eabi/lib/armv7e-m/libm.a(lib_a-e_asin.o)
 .bss           0x10001100        0x0 /home/mupimenov/Programs/gcc-arm-none-eabi-4_9-2015q3/bin/../lib/gcc/arm-none-eabi/4.9.3/../../../../arm-none-eabi/lib/armv7e-m/libm.a(lib_a-e_atan2.o)
 .bss           0x10001100        0x0 /home/mupimenov/Programs/gcc-arm-none-eabi-4_9-2015q3/bin/../lib/gcc/arm-none-eabi/4.9.3/../../../../arm-none-eabi/lib/armv7e-m/libm.a(lib_a-e_sqrt.o)
 .bss           0x10001100        0x0 /home/mupimenov/Programs/gcc-arm-none-eabi-4_9-2015q3/bin/../lib/gcc/arm-none-eabi/4.9.3/../../../../arm-none-eabi/lib/armv7e-m/libm.a(lib_a-s_atan.o)
 .bss           0x10001100        0x0 /home/mupimenov/Programs/gcc-arm-none-eabi-4_9-2015q3/bin/../lib/gcc/arm-none-eabi/4.9.3/../../../../arm-none-eabi/lib/armv7e-m/libm.a(lib_a-s_fabs.o)
 .bss           0x10001100        0x0 /home/mupimenov/Programs/gcc-arm-none-eabi-4_9-2015q3/bin/../lib/gcc/arm-none-eabi/4.9.3/../../../../arm-none-eabi/lib/armv7e-m/libm.a(lib_a-s_fpclassify.o)
 .bss           0x10001100        0x0 /home/mupimenov/Programs/gcc-arm-none-eabi-4_9-2015q3/bin/../lib/gcc/arm-none-eabi/4.9.3/../../../../arm-none-eabi/lib/armv7e-m/libm.a(lib_a-s_lib_ver.o)
 .bss           0x10001100        0x0 /home/mupimenov/Programs/gcc-arm-none-eabi-4_9-2015q3/bin/../lib/gcc/arm-none-eabi/4.9.3/../../../../arm-none-eabi/lib/armv7e-m/libm.a(lib_a-s_matherr.o)
 .bss           0x10001100        0x0 /home/mupimenov/Programs/gcc-arm-none-eabi-4_9-2015q3/bin/../lib/gcc/arm-none-eabi/4.9.3/../../../../arm-none-eabi/lib/armv7e-m/libm.a(lib_a-s_nan.o)
 .bss           0x10001100        0x0 /home/mupimenov/Programs/gcc-arm-none-eabi-4_9-2015q3/bin/../lib/gcc/arm-none-eabi/4.9.3/armv7e-m/libgcc.a(_arm_addsubdf3.o)
 .bss           0x10001100        0x0 /home/mupimenov/Programs/gcc-arm-none-eabi-4_9-2015q3/bin/../lib/gcc/arm-none-eabi/4.9.3/armv7e-m/libgcc.a(_arm_muldivdf3.o)
 .bss           0x10001100        0x0 /home/mupimenov/Programs/gcc-arm-none-eabi-4_9-2015q3/bin/../lib/gcc/arm-none-eabi/4.9.3/armv7e-m/libgcc.a(_arm_cmpdf2.o)
 .bss           0x10001100        0x0 /home/mupimenov/Programs/gcc-arm-none-eabi-4_9-2015q3/bin/../lib/gcc/arm-none-eabi/4.9.3/armv7e-m/libgcc.a(_arm_truncdfsf2.o)
 .bss           0x10001100        0x0 /home/mupimenov/Programs/gcc-arm-none-eabi-4_9-2015q3/bin/../lib/gcc/arm-none-eabi/4.9.3/../../../../arm-none-eabi/lib/armv7e-m/libc.a(lib_a-errno.o)
 .bss           0x10001100        0x0 /home/mupimenov/Programs/gcc-arm-none-eabi-4_9-2015q3/bin/../lib/gcc/arm-none-eabi/4.9.3/../../../../arm-none-eabi/lib/armv7e-m/libc.a(lib_a-impure.o)
 .bss           0x10001100        0x0 /home/mupimenov/Programs/gcc-arm-none-eabi-4_9-2015q3/bin/../lib/gcc/arm-none-eabi/4.9.3/../../../../arm-none-eabi/lib/armv7e-m/libc.a(lib_a-malloc.o)
 .bss           0x10001100        0x0 /home/mupimenov/Programs/gcc-arm-none-eabi-4_9-2015q3/bin/../lib/gcc/arm-none-eabi/4.9.3/../../../../arm-none-eabi/lib/armv7e-m/libc.a(lib_a-mallocr.o)
 .bss.__malloc_max_total_mem
                0x10001100        0x4 /home/mupimenov/Programs/gcc-arm-none-eabi-4_9-2015q3/bin/../lib/gcc/arm-none-eabi/4.9.3/../../../../arm-none-eabi/lib/armv7e-m/libc.a(lib_a-mallocr.o)
                0x10001100                __malloc_max_total_mem
 .bss.__malloc_max_sbrked_mem
                0x10001104        0x4 /home/mupimenov/Programs/gcc-arm-none-eabi-4_9-2015q3/bin/../lib/gcc/arm-none-eabi/4.9.3/../../../../arm-none-eabi/lib/armv7e-m/libc.a(lib_a-mallocr.o)
                0x10001104                __malloc_max_sbrked_mem
 .bss.__malloc_top_pad
                0x10001108        0x4 /home/mupimenov/Programs/gcc-arm-none-eabi-4_9-2015q3/bin/../lib/gcc/arm-none-eabi/4.9.3/../../../../arm-none-eabi/lib/armv7e-m/libc.a(lib_a-mallocr.o)
                0x10001108                __malloc_top_pad
 .bss.__malloc_current_mallinfo
                0x1000110c       0x28 /home/mupimenov/Programs/gcc-arm-none-eabi-4_9-2015q3/bin/../lib/gcc/arm-none-eabi/4.9.3/../../../../arm-none-eabi/lib/armv7e-m/libc.a(lib_a-mallocr.o)
                0x1000110c                __malloc_current_mallinfo
 .bss           0x10001134        0x0 /home/mupimenov/Programs/gcc-arm-none-eabi-4_9-2015q3/bin/../lib/gcc/arm-none-eabi/4.9.3/../../../../arm-none-eabi/lib/armv7e-m/libc.a(lib_a-memcpy.o)
 .bss           0x10001134        0x0 /home/mupimenov/Programs/gcc-arm-none-eabi-4_9-2015q3/bin/../lib/gcc/arm-none-eabi/4.9.3/../../../../arm-none-eabi/lib/armv7e-m/libc.a(lib_a-memset.o)
 .bss           0x10001134        0x0 /home/mupimenov/Programs/gcc-arm-none-eabi-4_9-2015q3/bin/../lib/gcc/arm-none-eabi/4.9.3/../../../../arm-none-eabi/lib/armv7e-m/libc.a(lib_a-sbrkr.o)
 .bss           0x10001134        0x0 /home/mupimenov/Programs/gcc-arm-none-eabi-4_9-2015q3/bin/../lib/gcc/arm-none-eabi/4.9.3/../../../../arm-none-eabi/lib/armv7e-m/libc.a(lib_a-strlen.o)
 .bss           0x10001134        0x0 /home/mupimenov/Programs/gcc-arm-none-eabi-4_9-2015q3/bin/../lib/gcc/arm-none-eabi/4.9.3/../../../../arm-none-eabi/lib/armv7e-m/libc.a(lib_a-freer.o)
 .bss           0x10001134        0x0 /home/mupimenov/Programs/gcc-arm-none-eabi-4_9-2015q3/bin/../lib/gcc/arm-none-eabi/4.9.3/../../../../arm-none-eabi/lib/armv7e-m/libc.a(lib_a-reent.o)
 *(COMMON)
 COMMON         0x10001134       0x40 src/freertos/queue.o
                0x10001134                xQueueRegistry
 COMMON         0x10001174       0x1c src/system/hal/src/stm32l4xx_hal_flash.o
                0x10001174                pFlash
 COMMON         0x10001190        0x4 src/system/hal/src/stm32l4xx_hal.o
                0x10001190                uwTick
 COMMON         0x10001194        0x4 /home/mupimenov/Programs/gcc-arm-none-eabi-4_9-2015q3/bin/../lib/gcc/arm-none-eabi/4.9.3/../../../../arm-none-eabi/lib/armv7e-m/libc.a(lib_a-reent.o)
                0x10001194                errno
                0x10001198                . = ALIGN (0x4)
                0x10001198                __bss_end__ = .
                0x10001198                _ebss = .

.heap           0x10001198     0x2000
                0x10001198                . = ALIGN (0x8)
                0x10001198                __end__ = .
                0x10001198                end = __end__
 *(.heap*)
 .heap          0x10001198     0x2000 src/main.o
                0x10003198                __HeapLimit = .

.stack_dummy    0x10003198      0x400
                0x10003198                . = ALIGN (0x8)
 *(.stack*)
 .stack         0x10003198      0x400 src/main.o
                0x10008000                __StackTop = (ORIGIN (SRAM2) + 0x7e78)
                0x10008000                _estack = __StackTop
                0x10007c00                __StackLimit = (__StackTop - SIZEOF (.stack_dummy))
                0x10008000                PROVIDE (__stack, __StackTop)
                0x00000001                ASSERT ((__StackLimit >= __HeapLimit), region RAM overflowed with stack)
OUTPUT(plane elf32-littlearm)

.debug_info     0x00000000    0x1e899
 .debug_info    0x00000000      0x168 src/drivers/accelerometer.o
 .debug_info    0x00000168      0x298 src/drivers/block_device.o
 .debug_info    0x00000400      0x1a4 src/drivers/gpio.o
 .debug_info    0x000005a4      0x168 src/drivers/gyro.o
 .debug_info    0x0000070c      0x786 src/drivers/l3gd20.o
 .debug_info    0x00000e92      0x797 src/drivers/lsm303c.o
 .debug_info    0x00001629      0x423 src/drivers/stm32l4_gpio_pin.o
 .debug_info    0x00001a4c      0x9af src/drivers/stm32l4_spi_device.o
 .debug_info    0x000023fb     0x111c src/drivers/stm32l4_uart_device.o
 .debug_info    0x00003517      0x533 src/freertos/portable/port.o
 .debug_info    0x00003a4a       0x76 src/freertos/croutine.o
 .debug_info    0x00003ac0      0x8c4 src/freertos/event_groups.o
 .debug_info    0x00004384       0xe0 src/freertos/heap_3_fixed.o
 .debug_info    0x00004464      0x2a1 src/freertos/list.o
 .debug_info    0x00004705     0x126c src/freertos/queue.o
 .debug_info    0x00005971     0x1cbf src/freertos/tasks.o
 .debug_info    0x00007630      0xa0d src/freertos/timers.o
 .debug_info    0x0000803d       0xe9 src/lib/filters.o
 .debug_info    0x00008126      0x5f9 src/lib/kalman.o
 .debug_info    0x0000871f      0x39d src/lib/madgwick_ahrs.o
 .debug_info    0x00008abc     0x1054 src/lib/modbus.o
 .debug_info    0x00009b10     0x124e src/os/cmsis_os.o
 .debug_info    0x0000ad5e      0xd10 src/system/hal/src/stm32l4xx_hal_cortex.o
 .debug_info    0x0000ba6e      0x5a7 src/system/hal/src/stm32l4xx_hal_dma.o
 .debug_info    0x0000c015      0x80a src/system/hal/src/stm32l4xx_hal_flash_ex.o
 .debug_info    0x0000c81f      0x224 src/system/hal/src/stm32l4xx_hal_flash_ramfunc.o
 .debug_info    0x0000ca43      0x5d2 src/system/hal/src/stm32l4xx_hal_flash.o
 .debug_info    0x0000d015      0x7ce src/system/hal/src/stm32l4xx_hal_gpio.o
 .debug_info    0x0000d7e3      0x922 src/system/hal/src/stm32l4xx_hal_i2c_ex.o
 .debug_info    0x0000e105     0x18e2 src/system/hal/src/stm32l4xx_hal_i2c.o
 .debug_info    0x0000f9e7      0x940 src/system/hal/src/stm32l4xx_hal_pcd_ex.o
 .debug_info    0x00010327      0xf7e src/system/hal/src/stm32l4xx_hal_pcd.o
 .debug_info    0x000112a5      0x9d5 src/system/hal/src/stm32l4xx_hal_pwr_ex.o
 .debug_info    0x00011c7a      0x908 src/system/hal/src/stm32l4xx_hal_pwr.o
 .debug_info    0x00012582     0x116c src/system/hal/src/stm32l4xx_hal_qspi.o
 .debug_info    0x000136ee     0x1401 src/system/hal/src/stm32l4xx_hal_rcc_ex.o
 .debug_info    0x00014aef      0xefd src/system/hal/src/stm32l4xx_hal_rcc.o
 .debug_info    0x000159ec       0x9d src/system/hal/src/stm32l4xx_hal_rtc_ex.o
 .debug_info    0x00015a89       0x9d src/system/hal/src/stm32l4xx_hal_rtc.o
 .debug_info    0x00015b26       0x9d src/system/hal/src/stm32l4xx_hal_tim_ex.o
 .debug_info    0x00015bc3       0x9d src/system/hal/src/stm32l4xx_hal_tim.o
 .debug_info    0x00015c60      0x989 src/system/hal/src/stm32l4xx_hal.o
 .debug_info    0x000165e9      0x81e src/system/hal/src/stm32l4xx_ll_dma.o
 .debug_info    0x00016e07     0x125c src/system/hal/src/stm32l4xx_ll_rcc.o
 .debug_info    0x00018063      0x5aa src/system/hal/src/stm32l4xx_ll_spi.o
 .debug_info    0x0001860d      0x7a7 src/system/hal/src/stm32l4xx_ll_usart.o
 .debug_info    0x00018db4     0x1453 src/system/hal/src/stm32l4xx_ll_usb.o
 .debug_info    0x0001a207      0x53f src/system/cmsis_nvic.o
 .debug_info    0x0001a746     0x1179 src/system/hw.o
 .debug_info    0x0001b8bf      0x527 src/system/stm32l4xx_hal_msp.o
 .debug_info    0x0001bde6       0xc7 src/system/stm32l4xx_it.o
 .debug_info    0x0001bead      0x57b src/system/system_stm32l4xx.o
 .debug_info    0x0001c428      0x1f1 src/tasks/task_led.o
 .debug_info    0x0001c619      0x974 src/tasks/task_link.o
 .debug_info    0x0001cf8d      0x6b4 src/tasks/task_measure.o
 .debug_info    0x0001d641     0x11f2 src/main.o
 .debug_info    0x0001e833       0x66 src/system/startup_stm32l476xx.o

.debug_abbrev   0x00000000     0x5704
 .debug_abbrev  0x00000000       0xab src/drivers/accelerometer.o
 .debug_abbrev  0x000000ab       0xc1 src/drivers/block_device.o
 .debug_abbrev  0x0000016c       0xd0 src/drivers/gpio.o
 .debug_abbrev  0x0000023c       0xab src/drivers/gyro.o
 .debug_abbrev  0x000002e7      0x18d src/drivers/l3gd20.o
 .debug_abbrev  0x00000474      0x198 src/drivers/lsm303c.o
 .debug_abbrev  0x0000060c      0x166 src/drivers/stm32l4_gpio_pin.o
 .debug_abbrev  0x00000772      0x275 src/drivers/stm32l4_spi_device.o
 .debug_abbrev  0x000009e7      0x26c src/drivers/stm32l4_uart_device.o
 .debug_abbrev  0x00000c53      0x1d1 src/freertos/portable/port.o
 .debug_abbrev  0x00000e24       0x29 src/freertos/croutine.o
 .debug_abbrev  0x00000e4d      0x1e6 src/freertos/event_groups.o
 .debug_abbrev  0x00001033       0xa2 src/freertos/heap_3_fixed.o
 .debug_abbrev  0x000010d5       0xc1 src/freertos/list.o
 .debug_abbrev  0x00001196      0x20b src/freertos/queue.o
 .debug_abbrev  0x000013a1      0x281 src/freertos/tasks.o
 .debug_abbrev  0x00001622      0x1df src/freertos/timers.o
 .debug_abbrev  0x00001801       0x97 src/lib/filters.o
 .debug_abbrev  0x00001898      0x161 src/lib/kalman.o
 .debug_abbrev  0x000019f9      0x12a src/lib/madgwick_ahrs.o
 .debug_abbrev  0x00001b23      0x211 src/lib/modbus.o
 .debug_abbrev  0x00001d34      0x2d8 src/os/cmsis_os.o
 .debug_abbrev  0x0000200c      0x2a5 src/system/hal/src/stm32l4xx_hal_cortex.o
 .debug_abbrev  0x000022b1      0x1b6 src/system/hal/src/stm32l4xx_hal_dma.o